<html>
<body>
<pre>
<h1>µVision Build Log</h1>
<h2>Tool Versions:</h2>
IDE-Version: ¦ÌVision V5.22.0.0
Copyright (C) 2016 ARM Ltd and ARM Germany GmbH. All rights reserved.
License Information: LU RUI, SUSTC, LIC=58563-AQCQH-YVE1Y-IXZ36-3UTXK-KB4BQ
 
Tool Versions:
Toolchain:       MDK-ARM Plus  Version: 5.22
Toolchain Path:  D:\Program Files\Keiluv522\ARM\ARMCC\Bin
C Compiler:      Armcc.exe V5.06 update 4 (build 422)
Assembler:       Armasm.exe V5.06 update 4 (build 422)
Linker/Locator:  ArmLink.exe V5.06 update 4 (build 422)
Library Manager: ArmAr.exe V5.06 update 4 (build 422)
Hex Converter:   FromElf.exe V5.06 update 4 (build 422)
CPU DLL:         SARMCM3.DLL V5.22
Dialog DLL:      DCM.DLL V1.13.9.0
Target DLL:      STLink\ST-LINKIII-KEIL_SWO.dll V2.0.18.0
Dialog DLL:      TCM.DLL V1.21.0.0
 
<h2>Project:</h2>
C:\Users\Â¬î£\Documents\GitHub\Electronic-Embeded\Car_B\Artinx_new\artinx_new\MDK-ARM\artinx_new.uvprojx
Project File Date:  12/11/2017

<h2>Output:</h2>
*** Using Compiler 'V5.06 update 4 (build 422)', folder: 'D:\Program Files\Keiluv522\ARM\ARMCC\Bin'
Rebuild target 'artinx_new'
assembling startup_stm32f427xx.s...
compiling stm32f4xx_hal_flash_ramfunc.c...
compiling stm32f4xx_hal_spi.c...
compiling stm32f4xx_hal_flash_ex.c...
compiling stm32f4xx_hal_uart.c...
compiling stm32f4xx_hal_tim_ex.c...
compiling stm32f4xx_hal_can.c...
compiling stm32f4xx_hal_dma_ex.c...
compiling stm32f4xx_hal_pwr_ex.c...
compiling stm32f4xx_hal.c...
compiling stm32f4xx_hal_rcc_ex.c...
compiling stm32f4xx_hal_flash.c...
compiling stm32f4xx_hal_gpio.c...
compiling stm32f4xx_hal_dma.c...
compiling stm32f4xx_hal_rcc.c...
compiling stm32f4xx_hal_cortex.c...
compiling stm32f4xx_hal_pwr.c...
compiling stm32f4xx_hal_i2c_ex.c...
compiling gpio.c...
compiling usart.c...
../Src/usart.c(367): warning:  #550-D: variable "RX_LEN"  was set but never used
  	uint8_t RX_LEN;
../Src/usart.c: 1 warning, 0 errors
compiling stm32f4xx_hal_tim.c...
compiling stm32f4xx_hal_i2c.c...
compiling dma.c...
compiling spi.c...
compiling stm32f4xx_hal_msp.c...
compiling i2c.c...
compiling can.c...
compiling main.c...
compiling tim.c...
compiling system_stm32f4xx.c...
compiling stm32f4xx_it.c...
compiling led.c...
compiling laser.c...
compiling pid_algorithm.c...
compiling delay.c...
compiling dbus.c...
compiling test_imu.c...
compiling chassis_control.c...
compiling encoder.c...
compiling shoot_control.c...
compiling gimbal_control.c...
compiling sdbus.c...
compiling initialization.c...
compiling test_usart.c...
compiling i2c_mpu6050.c...
compiling test_can2.c...
compiling test_can1.c...
linking...
Program Size: Code=18020 RO-data=484 RW-data=324 ZI-data=10772  
FromELF: creating hex file...
"artinx_new\artinx_new.axf" - 0 Error(s), 1 Warning(s).

<h2>Software Packages used:</h2>

Package Vendor: ARM
                http://www.keil.com/pack/ARM.CMSIS.5.0.0.pack
                ARM::CMSIS:CORE:5.0.0
                CMSIS (Cortex Microcontroller Software Interface Standard)
   * Component: CORE Version: 5.0.0

<h2>Collection of Component include folders:</h2>
  C:\Users\Â¬î£\Documents\GitHub\Electronic-Embeded\Car_B\Artinx_new\artinx_new\MDK-ARM\RTE\_artinx_new
  D:\Program Files\Keiluv522\ARM\PACK\ARM\CMSIS\5.0.0\CMSIS\Include
  D:\Program Files\Keiluv522\ARM\PACK\Keil\STM32F4xx_DFP\2.11.0\Drivers\CMSIS\Device\ST\STM32F4xx\Include

<h2>Collection of Component Files used:</h2>

   * Component: ARM::CMSIS:CORE:5.0.0
Build Time Elapsed:  00:02:00
</pre>
</body>
</html>
