Component: ARM Compiler 5.06 update 4 (build 422) Tool: armlink [4d35d2]

==============================================================================

Section Cross References

    startup_stm32f427xx.o(RESET) refers to startup_stm32f427xx.o(STACK) for __initial_sp
    startup_stm32f427xx.o(RESET) refers to startup_stm32f427xx.o(.text) for Reset_Handler
    startup_stm32f427xx.o(RESET) refers to stm32f4xx_it.o(i.NMI_Handler) for NMI_Handler
    startup_stm32f427xx.o(RESET) refers to stm32f4xx_it.o(i.HardFault_Handler) for HardFault_Handler
    startup_stm32f427xx.o(RESET) refers to stm32f4xx_it.o(i.MemManage_Handler) for MemManage_Handler
    startup_stm32f427xx.o(RESET) refers to stm32f4xx_it.o(i.BusFault_Handler) for BusFault_Handler
    startup_stm32f427xx.o(RESET) refers to stm32f4xx_it.o(i.UsageFault_Handler) for UsageFault_Handler
    startup_stm32f427xx.o(RESET) refers to stm32f4xx_it.o(i.SVC_Handler) for SVC_Handler
    startup_stm32f427xx.o(RESET) refers to stm32f4xx_it.o(i.DebugMon_Handler) for DebugMon_Handler
    startup_stm32f427xx.o(RESET) refers to stm32f4xx_it.o(i.PendSV_Handler) for PendSV_Handler
    startup_stm32f427xx.o(RESET) refers to stm32f4xx_it.o(i.SysTick_Handler) for SysTick_Handler
    startup_stm32f427xx.o(RESET) refers to stm32f4xx_it.o(i.EXTI1_IRQHandler) for EXTI1_IRQHandler
    startup_stm32f427xx.o(RESET) refers to stm32f4xx_it.o(i.CAN1_TX_IRQHandler) for CAN1_TX_IRQHandler
    startup_stm32f427xx.o(RESET) refers to stm32f4xx_it.o(i.CAN1_RX0_IRQHandler) for CAN1_RX0_IRQHandler
    startup_stm32f427xx.o(RESET) refers to stm32f4xx_it.o(i.TIM3_IRQHandler) for TIM3_IRQHandler
    startup_stm32f427xx.o(RESET) refers to stm32f4xx_it.o(i.USART1_IRQHandler) for USART1_IRQHandler
    startup_stm32f427xx.o(RESET) refers to stm32f4xx_it.o(i.USART2_IRQHandler) for USART2_IRQHandler
    startup_stm32f427xx.o(RESET) refers to stm32f4xx_it.o(i.USART3_IRQHandler) for USART3_IRQHandler
    startup_stm32f427xx.o(RESET) refers to stm32f4xx_it.o(i.TIM6_DAC_IRQHandler) for TIM6_DAC_IRQHandler
    startup_stm32f427xx.o(RESET) refers to stm32f4xx_it.o(i.DMA2_Stream2_IRQHandler) for DMA2_Stream2_IRQHandler
    startup_stm32f427xx.o(RESET) refers to stm32f4xx_it.o(i.CAN2_TX_IRQHandler) for CAN2_TX_IRQHandler
    startup_stm32f427xx.o(RESET) refers to stm32f4xx_it.o(i.CAN2_RX0_IRQHandler) for CAN2_RX0_IRQHandler
    startup_stm32f427xx.o(RESET) refers to stm32f4xx_it.o(i.CAN2_SCE_IRQHandler) for CAN2_SCE_IRQHandler
    startup_stm32f427xx.o(RESET) refers to stm32f4xx_it.o(i.USART6_IRQHandler) for USART6_IRQHandler
    startup_stm32f427xx.o(.text) refers to system_stm32f4xx.o(i.SystemInit) for SystemInit
    startup_stm32f427xx.o(.text) refers to entry.o(.ARM.Collect$$$$00000000) for __main
    stm32f4xx_hal_dma_ex.o(i.HAL_DMAEx_MultiBufferStart) refers to stm32f4xx_hal_dma_ex.o(i.DMA_MultiBufferSetConfig) for DMA_MultiBufferSetConfig
    stm32f4xx_hal_dma_ex.o(i.HAL_DMAEx_MultiBufferStart_IT) refers to stm32f4xx_hal_dma_ex.o(i.DMA_MultiBufferSetConfig) for DMA_MultiBufferSetConfig
    stm32f4xx_hal_uart.o(i.HAL_HalfDuplex_Init) refers to usart.o(i.HAL_UART_MspInit) for HAL_UART_MspInit
    stm32f4xx_hal_uart.o(i.HAL_HalfDuplex_Init) refers to stm32f4xx_hal_uart.o(i.UART_SetConfig) for UART_SetConfig
    stm32f4xx_hal_uart.o(i.HAL_LIN_Init) refers to usart.o(i.HAL_UART_MspInit) for HAL_UART_MspInit
    stm32f4xx_hal_uart.o(i.HAL_LIN_Init) refers to stm32f4xx_hal_uart.o(i.UART_SetConfig) for UART_SetConfig
    stm32f4xx_hal_uart.o(i.HAL_MultiProcessor_Init) refers to usart.o(i.HAL_UART_MspInit) for HAL_UART_MspInit
    stm32f4xx_hal_uart.o(i.HAL_MultiProcessor_Init) refers to stm32f4xx_hal_uart.o(i.UART_SetConfig) for UART_SetConfig
    stm32f4xx_hal_uart.o(i.HAL_UART_Abort) refers to stm32f4xx_hal_dma.o(i.HAL_DMA_Abort) for HAL_DMA_Abort
    stm32f4xx_hal_uart.o(i.HAL_UART_AbortReceive) refers to stm32f4xx_hal_dma.o(i.HAL_DMA_Abort) for HAL_DMA_Abort
    stm32f4xx_hal_uart.o(i.HAL_UART_AbortReceive_IT) refers to stm32f4xx_hal_dma.o(i.HAL_DMA_Abort_IT) for HAL_DMA_Abort_IT
    stm32f4xx_hal_uart.o(i.HAL_UART_AbortReceive_IT) refers to stm32f4xx_hal_uart.o(i.HAL_UART_AbortReceiveCpltCallback) for HAL_UART_AbortReceiveCpltCallback
    stm32f4xx_hal_uart.o(i.HAL_UART_AbortReceive_IT) refers to stm32f4xx_hal_uart.o(i.UART_DMARxOnlyAbortCallback) for UART_DMARxOnlyAbortCallback
    stm32f4xx_hal_uart.o(i.HAL_UART_AbortTransmit) refers to stm32f4xx_hal_dma.o(i.HAL_DMA_Abort) for HAL_DMA_Abort
    stm32f4xx_hal_uart.o(i.HAL_UART_AbortTransmit_IT) refers to stm32f4xx_hal_dma.o(i.HAL_DMA_Abort_IT) for HAL_DMA_Abort_IT
    stm32f4xx_hal_uart.o(i.HAL_UART_AbortTransmit_IT) refers to stm32f4xx_hal_uart.o(i.HAL_UART_AbortTransmitCpltCallback) for HAL_UART_AbortTransmitCpltCallback
    stm32f4xx_hal_uart.o(i.HAL_UART_AbortTransmit_IT) refers to stm32f4xx_hal_uart.o(i.UART_DMATxOnlyAbortCallback) for UART_DMATxOnlyAbortCallback
[...]
    ..\\Mylib\\dbus.c                        0x00000000   Number         0  dbus.o ABSOLUTE
    ..\\Mylib\\delay.c                       0x00000000   Number         0  delay.o ABSOLUTE
    ..\\Mylib\\encoder.c                     0x00000000   Number         0  encoder.o ABSOLUTE
    ..\\Mylib\\gimbal_control.c              0x00000000   Number         0  gimbal_control.o ABSOLUTE
    ..\\Mylib\\i2c_mpu6050.c                 0x00000000   Number         0  i2c_mpu6050.o ABSOLUTE
    ..\\Mylib\\initialization.c              0x00000000   Number         0  initialization.o ABSOLUTE
    ..\\Mylib\\laser.c                       0x00000000   Number         0  laser.o ABSOLUTE
    ..\\Mylib\\led.c                         0x00000000   Number         0  led.o ABSOLUTE
    ..\\Mylib\\pid_algorithm.c               0x00000000   Number         0  pid_algorithm.o ABSOLUTE
    ..\\Mylib\\sdbus.c                       0x00000000   Number         0  sdbus.o ABSOLUTE
    ..\\Mylib\\shoot_control.c               0x00000000   Number         0  shoot_control.o ABSOLUTE
    ..\\Mylib\\test_can1.c                   0x00000000   Number         0  test_can1.o ABSOLUTE
    ..\\Mylib\\test_can2.c                   0x00000000   Number         0  test_can2.o ABSOLUTE
    ..\\Mylib\\test_imu.c                    0x00000000   Number         0  test_imu.o ABSOLUTE
    ..\\Mylib\\test_usart.c                  0x00000000   Number         0  test_usart.o ABSOLUTE
    ..\\Src\\can.c                           0x00000000   Number         0  can.o ABSOLUTE
    ..\\Src\\i2c.c                           0x00000000   Number         0  i2c.o ABSOLUTE
    ..\\Src\\main.c                          0x00000000   Number         0  main.o ABSOLUTE
    ..\\Src\\stm32f4xx_it.c                  0x00000000   Number         0  stm32f4xx_it.o ABSOLUTE
    ..\\Src\\tim.c                           0x00000000   Number         0  tim.o ABSOLUTE
    cdrcmple.s                               0x00000000   Number         0  cdrcmple.o ABSOLUTE
    dc.s                                     0x00000000   Number         0  dc.o ABSOLUTE
    handlers.s                               0x00000000   Number         0  handlers.o ABSOLUTE
    init.s                                   0x00000000   Number         0  init.o ABSOLUTE
    startup_stm32f427xx.s                    0x00000000   Number         0  startup_stm32f427xx.o ABSOLUTE
    RESET                                    0x08000000   Section      428  startup_stm32f427xx.o(RESET)
    .ARM.Collect$$$$00000000                 0x080001ac   Section        0  entry.o(.ARM.Collect$$$$00000000)
    .ARM.Collect$$$$00000001                 0x080001ac   Section        4  entry2.o(.ARM.Collect$$$$00000001)
    .ARM.Collect$$$$00000004                 0x080001b0   Section        4  entry5.o(.ARM.Collect$$$$00000004)
    .ARM.Collect$$$$00000008                 0x080001b4   Section        0  entry7b.o(.ARM.Collect$$$$00000008)
    .ARM.Collect$$$$0000000A                 0x080001b4   Section        0  entry8b.o(.ARM.Collect$$$$0000000A)
    .ARM.Collect$$$$0000000B                 0x080001b4   Section        8  entry9a.o(.ARM.Collect$$$$0000000B)
    .ARM.Collect$$$$0000000D                 0x080001bc   Section        0  entry10a.o(.ARM.Collect$$$$0000000D)
    .ARM.Collect$$$$0000000F                 0x080001bc   Section        0  entry11a.o(.ARM.Collect$$$$0000000F)
    .ARM.Collect$$$$00002712                 0x080001bc   Section        4  entry2.o(.ARM.Collect$$$$00002712)
    __lit__00000000                          0x080001bc   Data           4  entry2.o(.ARM.Collect$$$$00002712)
    .text                                    0x080001c0   Section       36  startup_stm32f427xx.o(.text)
    $v0                                      0x080001c0   Number         0  startup_stm32f427xx.o(.text)
    .text                                    0x080001e4   Section        0  memcpya.o(.text)
    .text                                    0x08000208   Section        0  uidiv.o(.text)
    .text                                    0x08000234   Section       36  init.o(.text)
    .text                                    0x08000258   Section        0  __dczerorl.o(.text)
    i.BLDC_control                           0x08000294   Section        0  shoot_control.o(i.BLDC_control)
    i.BusFault_Handler                       0x08000334   Section        0  stm32f4xx_it.o(i.BusFault_Handler)
    i.CAN1_RX0_IRQHandler                    0x08000338   Section        0  stm32f4xx_it.o(i.CAN1_RX0_IRQHandler)
    i.CAN1_TX_IRQHandler                     0x0800034c   Section        0  stm32f4xx_it.o(i.CAN1_TX_IRQHandler)
    i.CAN2_RX0_IRQHandler                    0x08000358   Section        0  stm32f4xx_it.o(i.CAN2_RX0_IRQHandler)
    i.CAN2_SCE_IRQHandler                    0x08000364   Section        0  stm32f4xx_it.o(i.CAN2_SCE_IRQHandler)
    i.CAN2_TX_IRQHandler                     0x08000370   Section        0  stm32f4xx_it.o(i.CAN2_TX_IRQHandler)
    i.CAN_Receive_IT                         0x0800037c   Section        0  stm32f4xx_hal_can.o(i.CAN_Receive_IT)
    CAN_Receive_IT                           0x0800037d   Thumb Code   260  stm32f4xx_hal_can.o(i.CAN_Receive_IT)
    i.CanFilter_Init                         0x08000480   Section        0  test_can1.o(i.CanFilter_Init)
    i.ChassisMotor_Velocity_Control          0x080004dc   Section        0  chassis_control.o(i.ChassisMotor_Velocity_Control)
    i.Cmd_ESC                                0x080005ec   Section        0  test_can2.o(i.Cmd_ESC)
    i.Cmd_ESC_820R                           0x08000660   Section        0  test_can1.o(i.Cmd_ESC_820R)
    i.DBUS_Dec                               0x080006b4   Section        0  dbus.o(i.DBUS_Dec)
    i.DBUS_Det                               0x0800071e   Section        0  dbus.o(i.DBUS_Det)
    i.DMA2_Stream2_IRQHandler                0x08000734   Section        0  stm32f4xx_it.o(i.DMA2_Stream2_IRQHandler)
    i.DMA_CalcBaseAndBitshift                0x08000740   Section        0  stm32f4xx_hal_dma.o(i.DMA_CalcBaseAndBitshift)
    DMA_CalcBaseAndBitshift                  0x08000741   Thumb Code    34  stm32f4xx_hal_dma.o(i.DMA_CalcBaseAndBitshift)
    i.DMA_CheckFifoParam                     0x08000768   Section        0  stm32f4xx_hal_dma.o(i.DMA_CheckFifoParam)
    DMA_CheckFifoParam                       0x08000769   Thumb Code    84  stm32f4xx_hal_dma.o(i.DMA_CheckFifoParam)
    i.DMA_SetConfig                          0x080007bc   Section        0  stm32f4xx_hal_dma.o(i.DMA_SetConfig)
    DMA_SetConfig                            0x080007bd   Thumb Code    40  stm32f4xx_hal_dma.o(i.DMA_SetConfig)
    i.DebugMon_Handler                       0x080007e4   Section        0  stm32f4xx_it.o(i.DebugMon_Handler)
    i.EXTI1_IRQHandler                       0x080007e6   Section        0  stm32f4xx_it.o(i.EXTI1_IRQHandler)
    i.Error_Handler                          0x080007ec   Section        0  main.o(i.Error_Handler)
    i.Fire                                   0x080007f0   Section        0  shoot_control.o(i.Fire)
    i.Gimbal_Control                         0x0800082c   Section        0  gimbal_control.o(i.Gimbal_Control)
    i.HAL_CAN_ConfigFilter                   0x080008b0   Section        0  stm32f4xx_hal_can.o(i.HAL_CAN_ConfigFilter)
    i.HAL_CAN_ErrorCallback                  0x080009a8   Section        0  stm32f4xx_hal_can.o(i.HAL_CAN_ErrorCallback)
    i.HAL_CAN_IRQHandler                     0x080009ac   Section        0  stm32f4xx_hal_can.o(i.HAL_CAN_IRQHandler)
    i.HAL_CAN_Init                           0x08000b5c   Section        0  stm32f4xx_hal_can.o(i.HAL_CAN_Init)
    i.HAL_CAN_MspInit                        0x08000ca4   Section        0  can.o(i.HAL_CAN_MspInit)
    i.HAL_CAN_Receive_IT                     0x08000d94   Section        0  stm32f4xx_hal_can.o(i.HAL_CAN_Receive_IT)
    i.HAL_CAN_RxCpltCallback                 0x08000df4   Section        0  test_can1.o(i.HAL_CAN_RxCpltCallback)
    i.HAL_CAN_Transmit                       0x08000ecc   Section        0  stm32f4xx_hal_can.o(i.HAL_CAN_Transmit)
    i.HAL_CAN_TxCpltCallback                 0x08001060   Section        0  stm32f4xx_hal_can.o(i.HAL_CAN_TxCpltCallback)
    i.HAL_DMA_Abort                          0x08001062   Section        0  stm32f4xx_hal_dma.o(i.HAL_DMA_Abort)
    i.HAL_DMA_Abort_IT                       0x080010f0   Section        0  stm32f4xx_hal_dma.o(i.HAL_DMA_Abort_IT)
    i.HAL_DMA_IRQHandler                     0x08001114   Section        0  stm32f4xx_hal_dma.o(i.HAL_DMA_IRQHandler)
    i.HAL_DMA_Init                           0x080012bc   Section        0  stm32f4xx_hal_dma.o(i.HAL_DMA_Init)
    i.HAL_DMA_Start_IT                       0x0800138c   Section        0  stm32f4xx_hal_dma.o(i.HAL_DMA_Start_IT)
    i.HAL_GPIO_EXTI_Callback                 0x08001404   Section        0  stm32f4xx_hal_gpio.o(i.HAL_GPIO_EXTI_Callback)
    i.HAL_GPIO_EXTI_IRQHandler               0x08001408   Section        0  stm32f4xx_hal_gpio.o(i.HAL_GPIO_EXTI_IRQHandler)
    i.HAL_GPIO_Init                          0x08001420   Section        0  stm32f4xx_hal_gpio.o(i.HAL_GPIO_Init)
    i.HAL_GPIO_WritePin                      0x080015ec   Section        0  stm32f4xx_hal_gpio.o(i.HAL_GPIO_WritePin)
    i.HAL_GetTick                            0x080015f8   Section        0  stm32f4xx_hal.o(i.HAL_GetTick)
    i.HAL_I2C_Init                           0x08001604   Section        0  stm32f4xx_hal_i2c.o(i.HAL_I2C_Init)
    i.HAL_I2C_MspInit                        0x0800170c   Section        0  i2c.o(i.HAL_I2C_MspInit)
    i.HAL_IncTick                            0x08001758   Section        0  stm32f4xx_hal.o(i.HAL_IncTick)
    i.HAL_Init                               0x08001768   Section        0  stm32f4xx_hal.o(i.HAL_Init)
    i.HAL_InitTick                           0x0800179c   Section        0  stm32f4xx_hal.o(i.HAL_InitTick)
    i.HAL_MspInit                            0x080017c4   Section        0  stm32f4xx_hal_msp.o(i.HAL_MspInit)
    i.HAL_MultiProcessor_Init                0x0800181c   Section        0  stm32f4xx_hal_uart.o(i.HAL_MultiProcessor_Init)
    i.HAL_NVIC_EnableIRQ                     0x080018aa   Section        0  stm32f4xx_hal_cortex.o(i.HAL_NVIC_EnableIRQ)
    i.HAL_NVIC_SetPriority                   0x080018c0   Section        0  stm32f4xx_hal_cortex.o(i.HAL_NVIC_SetPriority)
    i.HAL_NVIC_SetPriorityGrouping           0x08001900   Section        0  stm32f4xx_hal_cortex.o(i.HAL_NVIC_SetPriorityGrouping)
    i.HAL_RCC_ClockConfig                    0x08001924   Section        0  stm32f4xx_hal_rcc.o(i.HAL_RCC_ClockConfig)
    i.HAL_RCC_GetHCLKFreq                    0x08001aa0   Section        0  stm32f4xx_hal_rcc.o(i.HAL_RCC_GetHCLKFreq)
    i.HAL_RCC_GetPCLK1Freq                   0x08001aac   Section        0  stm32f4xx_hal_rcc.o(i.HAL_RCC_GetPCLK1Freq)
    i.HAL_RCC_GetPCLK2Freq                   0x08001adc   Section        0  stm32f4xx_hal_rcc.o(i.HAL_RCC_GetPCLK2Freq)
    i.HAL_RCC_GetSysClockFreq                0x08001b0c   Section        0  stm32f4xx_hal_rcc.o(i.HAL_RCC_GetSysClockFreq)
    i.HAL_RCC_OscConfig                      0x08001b80   Section        0  stm32f4xx_hal_rcc.o(i.HAL_RCC_OscConfig)
    i.HAL_SPI_Init                           0x08001e94   Section        0  stm32f4xx_hal_spi.o(i.HAL_SPI_Init)
    i.HAL_SPI_MspInit                        0x08001f14   Section        0  spi.o(i.HAL_SPI_MspInit)
    i.HAL_SPI_TransmitReceive                0x08001f60   Section        0  stm32f4xx_hal_spi.o(i.HAL_SPI_TransmitReceive)
    i.HAL_SYSTICK_CLKSourceConfig            0x08002138   Section        0  stm32f4xx_hal_cortex.o(i.HAL_SYSTICK_CLKSourceConfig)
    i.HAL_SYSTICK_Callback                   0x08002150   Section        0  stm32f4xx_hal_cortex.o(i.HAL_SYSTICK_Callback)
    i.HAL_SYSTICK_Config                     0x08002152   Section        0  stm32f4xx_hal_cortex.o(i.HAL_SYSTICK_Config)
    i.HAL_SYSTICK_IRQHandler                 0x0800217a   Section        0  stm32f4xx_hal_cortex.o(i.HAL_SYSTICK_IRQHandler)
    i.HAL_TIMEx_BreakCallback                0x08002182   Section        0  stm32f4xx_hal_tim_ex.o(i.HAL_TIMEx_BreakCallback)
    i.HAL_TIMEx_CommutationCallback          0x08002184   Section        0  stm32f4xx_hal_tim_ex.o(i.HAL_TIMEx_CommutationCallback)
    i.HAL_TIMEx_ConfigBreakDeadTime          0x08002186   Section        0  stm32f4xx_hal_tim_ex.o(i.HAL_TIMEx_ConfigBreakDeadTime)
    i.HAL_TIMEx_MasterConfigSynchronization  0x080021c8   Section        0  stm32f4xx_hal_tim_ex.o(i.HAL_TIMEx_MasterConfigSynchronization)
    i.HAL_TIM_Base_GetState                  0x08002218   Section        0  stm32f4xx_hal_tim.o(i.HAL_TIM_Base_GetState)
    i.HAL_TIM_Base_Init                      0x0800221e   Section        0  stm32f4xx_hal_tim.o(i.HAL_TIM_Base_Init)
    i.HAL_TIM_Base_MspInit                   0x08002254   Section        0  tim.o(i.HAL_TIM_Base_MspInit)
    i.HAL_TIM_Base_Start_IT                  0x08002338   Section        0  stm32f4xx_hal_tim.o(i.HAL_TIM_Base_Start_IT)
    i.HAL_TIM_ConfigClockSource              0x08002350   Section        0  stm32f4xx_hal_tim.o(i.HAL_TIM_ConfigClockSource)
    i.HAL_TIM_IC_CaptureCallback             0x08002442   Section        0  stm32f4xx_hal_tim.o(i.HAL_TIM_IC_CaptureCallback)
    i.HAL_TIM_IRQHandler                     0x08002444   Section        0  stm32f4xx_hal_tim.o(i.HAL_TIM_IRQHandler)
    i.HAL_TIM_MspPostInit                    0x080025ac   Section        0  tim.o(i.HAL_TIM_MspPostInit)
    i.HAL_TIM_OC_DelayElapsedCallback        0x08002640   Section        0  stm32f4xx_hal_tim.o(i.HAL_TIM_OC_DelayElapsedCallback)
    i.HAL_TIM_PWM_ConfigChannel              0x08002642   Section        0  stm32f4xx_hal_tim.o(i.HAL_TIM_PWM_ConfigChannel)
    i.HAL_TIM_PWM_Init                       0x08002712   Section        0  stm32f4xx_hal_tim.o(i.HAL_TIM_PWM_Init)
    i.HAL_TIM_PWM_MspInit                    0x08002748   Section        0  stm32f4xx_hal_tim.o(i.HAL_TIM_PWM_MspInit)
    i.HAL_TIM_PWM_PulseFinishedCallback      0x0800274a   Section        0  stm32f4xx_hal_tim.o(i.HAL_TIM_PWM_PulseFinishedCallback)
    i.HAL_TIM_PWM_Start                      0x0800274c   Section        0  stm32f4xx_hal_tim.o(i.HAL_TIM_PWM_Start)
    i.HAL_TIM_PeriodElapsedCallback          0x08002784   Section        0  tim.o(i.HAL_TIM_PeriodElapsedCallback)
    i.HAL_TIM_TriggerCallback                0x080027d4   Section        0  stm32f4xx_hal_tim.o(i.HAL_TIM_TriggerCallback)
    i.HAL_UART_DMAStop                       0x080027d6   Section        0  stm32f4xx_hal_uart.o(i.HAL_UART_DMAStop)
    i.HAL_UART_ErrorCallback                 0x0800282e   Section        0  stm32f4xx_hal_uart.o(i.HAL_UART_ErrorCallback)
    i.HAL_UART_IRQHandler                    0x08002830   Section        0  stm32f4xx_hal_uart.o(i.HAL_UART_IRQHandler)
    i.HAL_UART_MspInit                       0x08002940   Section        0  usart.o(i.HAL_UART_MspInit)
    i.HAL_UART_Receive_DMA                   0x08002a90   Section        0  stm32f4xx_hal_uart.o(i.HAL_UART_Receive_DMA)
    i.HAL_UART_Receive_IT                    0x08002b20   Section        0  stm32f4xx_hal_uart.o(i.HAL_UART_Receive_IT)
    i.HAL_UART_RxCpltCallback                0x08002b68   Section        0  test_usart.o(i.HAL_UART_RxCpltCallback)
    i.HAL_UART_RxHalfCpltCallback            0x08002bcc   Section        0  stm32f4xx_hal_uart.o(i.HAL_UART_RxHalfCpltCallback)
    i.HAL_UART_Transmit                      0x08002bce   Section        0  stm32f4xx_hal_uart.o(i.HAL_UART_Transmit)
    i.HAL_UART_TxCpltCallback                0x08002c88   Section        0  stm32f4xx_hal_uart.o(i.HAL_UART_TxCpltCallback)
    i.HardFault_Handler                      0x08002c8a   Section        0  stm32f4xx_it.o(i.HardFault_Handler)
    i.IMU_Get_Data                           0x08002c8c   Section        0  test_imu.o(i.IMU_Get_Data)
    i.Initialization                         0x08002cfc   Section        0  initialization.o(i.Initialization)
    i.MPU6500_Read_Regs                      0x08002d50   Section        0  test_imu.o(i.MPU6500_Read_Regs)
    i.MX_CAN1_Init                           0x08002dac   Section        0  can.o(i.MX_CAN1_Init)
    i.MX_CAN2_Init                           0x08002df4   Section        0  can.o(i.MX_CAN2_Init)
    i.MX_DMA_Init                            0x08002e3c   Section        0  dma.o(i.MX_DMA_Init)
    i.MX_GPIO_Init                           0x08002e68   Section        0  gpio.o(i.MX_GPIO_Init)
    i.MX_I2C2_Init                           0x08002fbc   Section        0  i2c.o(i.MX_I2C2_Init)
    i.MX_SPI5_Init                           0x08002ffc   Section        0  spi.o(i.MX_SPI5_Init)
    i.MX_TIM12_Init                          0x08003044   Section        0  tim.o(i.MX_TIM12_Init)
    i.MX_TIM2_Init                           0x080030cc   Section        0  tim.o(i.MX_TIM2_Init)
    i.MX_TIM3_Init                           0x0800317c   Section        0  tim.o(i.MX_TIM3_Init)
    i.MX_TIM4_Init                           0x080031d8   Section        0  tim.o(i.MX_TIM4_Init)
    i.MX_TIM5_Init                           0x08003284   Section        0  tim.o(i.MX_TIM5_Init)
    i.MX_TIM6_Init                           0x080032e0   Section        0  tim.o(i.MX_TIM6_Init)
    i.MX_TIM8_Init                           0x08003320   Section        0  tim.o(i.MX_TIM8_Init)
    i.MX_USART1_UART_Init                    0x080033f8   Section        0  usart.o(i.MX_USART1_UART_Init)
    i.MX_USART2_UART_Init                    0x08003438   Section        0  usart.o(i.MX_USART2_UART_Init)
    i.MX_USART3_UART_Init                    0x08003474   Section        0  usart.o(i.MX_USART3_UART_Init)
    i.MX_USART6_UART_Init                    0x080034b0   Section        0  usart.o(i.MX_USART6_UART_Init)
    i.MemManage_Handler                      0x080034ec   Section        0  stm32f4xx_it.o(i.MemManage_Handler)
    i.NMI_Handler                            0x080034ee   Section        0  stm32f4xx_it.o(i.NMI_Handler)
    i.NVIC_SetPriority                       0x080034f0   Section        0  stm32f4xx_hal_cortex.o(i.NVIC_SetPriority)
    NVIC_SetPriority                         0x080034f1   Thumb Code    32  stm32f4xx_hal_cortex.o(i.NVIC_SetPriority)
    i.PendSV_Handler                         0x08003510   Section        0  stm32f4xx_it.o(i.PendSV_Handler)
    i.Position_Control_206                   0x08003514   Section        0  pid_algorithm.o(i.Position_Control_206)
    i.SDState_Set                            0x08003578   Section        0  sdbus.o(i.SDState_Set)
    i.SPI_CheckFlag_BSY                      0x080035c4   Section        0  stm32f4xx_hal_spi.o(i.SPI_CheckFlag_BSY)
    SPI_CheckFlag_BSY                        0x080035c5   Thumb Code    32  stm32f4xx_hal_spi.o(i.SPI_CheckFlag_BSY)
    i.SPI_WaitFlagStateUntilTimeout          0x080035e4   Section        0  stm32f4xx_hal_spi.o(i.SPI_WaitFlagStateUntilTimeout)
    SPI_WaitFlagStateUntilTimeout            0x080035e5   Thumb Code   150  stm32f4xx_hal_spi.o(i.SPI_WaitFlagStateUntilTimeout)
    i.SVC_Handler                            0x0800367a   Section        0  stm32f4xx_it.o(i.SVC_Handler)
    i.SysTick_Handler                        0x0800367c   Section        0  stm32f4xx_it.o(i.SysTick_Handler)
    i.SystemClock_Config                     0x0800368c   Section        0  main.o(i.SystemClock_Config)
    i.SystemInit                             0x0800372c   Section        0  system_stm32f4xx.o(i.SystemInit)
    i.TIM3_IRQHandler                        0x08003780   Section        0  stm32f4xx_it.o(i.TIM3_IRQHandler)
    i.TIM6_DAC_IRQHandler                    0x0800378c   Section        0  stm32f4xx_it.o(i.TIM6_DAC_IRQHandler)
    i.TIM_Base_SetConfig                     0x080037ac   Section        0  stm32f4xx_hal_tim.o(i.TIM_Base_SetConfig)
    i.TIM_CCxChannelCmd                      0x0800386c   Section        0  stm32f4xx_hal_tim.o(i.TIM_CCxChannelCmd)
    i.TIM_ETR_SetConfig                      0x08003882   Section        0  stm32f4xx_hal_tim.o(i.TIM_ETR_SetConfig)
    TIM_ETR_SetConfig                        0x08003883   Thumb Code    20  stm32f4xx_hal_tim.o(i.TIM_ETR_SetConfig)
    i.TIM_ITRx_SetConfig                     0x08003896   Section        0  stm32f4xx_hal_tim.o(i.TIM_ITRx_SetConfig)
    TIM_ITRx_SetConfig                       0x08003897   Thumb Code    16  stm32f4xx_hal_tim.o(i.TIM_ITRx_SetConfig)
    i.TIM_OC1_SetConfig                      0x080038a8   Section        0  stm32f4xx_hal_tim.o(i.TIM_OC1_SetConfig)
    TIM_OC1_SetConfig                        0x080038a9   Thumb Code    80  stm32f4xx_hal_tim.o(i.TIM_OC1_SetConfig)
    i.TIM_OC2_SetConfig                      0x08003900   Section        0  stm32f4xx_hal_tim.o(i.TIM_OC2_SetConfig)
    i.TIM_OC3_SetConfig                      0x08003964   Section        0  stm32f4xx_hal_tim.o(i.TIM_OC3_SetConfig)
    TIM_OC3_SetConfig                        0x08003965   Thumb Code    88  stm32f4xx_hal_tim.o(i.TIM_OC3_SetConfig)
    i.TIM_OC4_SetConfig                      0x080039c4   Section        0  stm32f4xx_hal_tim.o(i.TIM_OC4_SetConfig)
    TIM_OC4_SetConfig                        0x080039c5   Thumb Code    70  stm32f4xx_hal_tim.o(i.TIM_OC4_SetConfig)
    i.TIM_TI1_ConfigInputStage               0x08003a14   Section        0  stm32f4xx_hal_tim.o(i.TIM_TI1_ConfigInputStage)
    TIM_TI1_ConfigInputStage                 0x08003a15   Thumb Code    34  stm32f4xx_hal_tim.o(i.TIM_TI1_ConfigInputStage)
    i.TIM_TI2_ConfigInputStage               0x08003a36   Section        0  stm32f4xx_hal_tim.o(i.TIM_TI2_ConfigInputStage)
    TIM_TI2_ConfigInputStage                 0x08003a37   Thumb Code    36  stm32f4xx_hal_tim.o(i.TIM_TI2_ConfigInputStage)
    i.TransMove                              0x08003a5a   Section        0  chassis_control.o(i.TransMove)
    i.Trigger_Control                        0x08003b48   Section        0  gimbal_control.o(i.Trigger_Control)
    i.UART_DMAAbortOnError                   0x08003be0   Section        0  stm32f4xx_hal_uart.o(i.UART_DMAAbortOnError)
    UART_DMAAbortOnError                     0x08003be1   Thumb Code    16  stm32f4xx_hal_uart.o(i.UART_DMAAbortOnError)
    i.UART_DMAError                          0x08003bf0   Section        0  stm32f4xx_hal_uart.o(i.UART_DMAError)
    UART_DMAError                            0x08003bf1   Thumb Code    74  stm32f4xx_hal_uart.o(i.UART_DMAError)
    i.UART_DMAReceiveCplt                    0x08003c3a   Section        0  stm32f4xx_hal_uart.o(i.UART_DMAReceiveCplt)
    UART_DMAReceiveCplt                      0x08003c3b   Thumb Code    60  stm32f4xx_hal_uart.o(i.UART_DMAReceiveCplt)
    i.UART_DMARxHalfCplt                     0x08003c76   Section        0  stm32f4xx_hal_uart.o(i.UART_DMARxHalfCplt)
    UART_DMARxHalfCplt                       0x08003c77   Thumb Code    10  stm32f4xx_hal_uart.o(i.UART_DMARxHalfCplt)
    i.UART_EndRxTransfer                     0x08003c80   Section        0  stm32f4xx_hal_uart.o(i.UART_EndRxTransfer)
    UART_EndRxTransfer                       0x08003c81   Thumb Code    28  stm32f4xx_hal_uart.o(i.UART_EndRxTransfer)
    i.UART_EndTxTransfer                     0x08003c9c   Section        0  stm32f4xx_hal_uart.o(i.UART_EndTxTransfer)
    UART_EndTxTransfer                       0x08003c9d   Thumb Code    18  stm32f4xx_hal_uart.o(i.UART_EndTxTransfer)
    i.UART_Receive_IT                        0x08003cae   Section        0  stm32f4xx_hal_uart.o(i.UART_Receive_IT)
    UART_Receive_IT                          0x08003caf   Thumb Code   140  stm32f4xx_hal_uart.o(i.UART_Receive_IT)
    i.UART_SetConfig                         0x08003d3c   Section        0  stm32f4xx_hal_uart.o(i.UART_SetConfig)
    UART_SetConfig                           0x08003d3d   Thumb Code   676  stm32f4xx_hal_uart.o(i.UART_SetConfig)
    i.UART_Transmit_IT                       0x08003fe8   Section        0  stm32f4xx_hal_uart.o(i.UART_Transmit_IT)
    UART_Transmit_IT                         0x08003fe9   Thumb Code    98  stm32f4xx_hal_uart.o(i.UART_Transmit_IT)
    i.UART_WaitOnFlagUntilTimeout            0x0800404a   Section        0  stm32f4xx_hal_uart.o(i.UART_WaitOnFlagUntilTimeout)
    UART_WaitOnFlagUntilTimeout              0x0800404b   Thumb Code   100  stm32f4xx_hal_uart.o(i.UART_WaitOnFlagUntilTimeout)
    i.USART1_IRQHandler                      0x080040b0   Section        0  stm32f4xx_it.o(i.USART1_IRQHandler)
    i.USART2_IRQHandler                      0x08004144   Section        0  stm32f4xx_it.o(i.USART2_IRQHandler)
    i.USART3_IRQHandler                      0x08004150   Section        0  stm32f4xx_it.o(i.USART3_IRQHandler)
    i.USART6_IRQHandler                      0x0800415c   Section        0  stm32f4xx_it.o(i.USART6_IRQHandler)
    i.UsageFault_Handler                     0x08004168   Section        0  stm32f4xx_it.o(i.UsageFault_Handler)
    i.Velocity_Control_206                   0x0800416c   Section        0  pid_algorithm.o(i.Velocity_Control_206)
    i.Velocity_Control_820R                  0x08004224   Section        0  pid_algorithm.o(i.Velocity_Control_820R)
    i.__0printf$1                            0x0800428c   Section        0  printf1.o(i.__0printf$1)
    i.__scatterload_copy                     0x080042ac   Section       14  handlers.o(i.__scatterload_copy)
    i.__scatterload_null                     0x080042ba   Section        2  handlers.o(i.__scatterload_null)
    i.__scatterload_zeroinit                 0x080042bc   Section       14  handlers.o(i.__scatterload_zeroinit)
    i._printf_core                           0x080042cc   Section        0  printf1.o(i._printf_core)
    _printf_core                             0x080042cd   Thumb Code   336  printf1.o(i._printf_core)
    i.delay_ms                               0x08004420   Section        0  delay.o(i.delay_ms)
    i.delay_us                               0x08004438   Section        0  delay.o(i.delay_us)
    i.fputc                                  0x0800444c   Section        0  main.o(i.fputc)
    i.main                                   0x08004464   Section        0  main.o(i.main)
    i.move_control                           0x080045bc   Section        0  chassis_control.o(i.move_control)
    .constdata                               0x08004674   Section       16  stm32f4xx_hal_rcc.o(.constdata)
    .constdata                               0x08004684   Section        8  stm32f4xx_hal_dma.o(.constdata)
    flagBitshiftOffset                       0x08004684   Data           8  stm32f4xx_hal_dma.o(.constdata)
    .data                                    0x20000000   Section        4  stm32f4xx_hal.o(.data)
    .data                                    0x20000004   Section        4  can.o(.data)
    HAL_RCC_CAN1_CLK_ENABLED                 0x20000004   Data           4  can.o(.data)
    .data                                    0x20000008   Section        1  main.o(.data)
    .data                                    0x2000000c   Section        4  system_stm32f4xx.o(.data)
    .data                                    0x20000010   Section      108  pid_algorithm.o(.data)
    output                                   0x20000010   Data           4  pid_algorithm.o(.data)
    output                                   0x20000014   Data           4  pid_algorithm.o(.data)
    inte                                     0x20000018   Data           4  pid_algorithm.o(.data)
    output                                   0x2000001c   Data           4  pid_algorithm.o(.data)
    output                                   0x20000020   Data           4  pid_algorithm.o(.data)
    output                                   0x20000024   Data           4  pid_algorithm.o(.data)
    inte                                     0x20000028   Data           4  pid_algorithm.o(.data)
    output                                   0x2000002c   Data           4  pid_algorithm.o(.data)
    inte                                     0x20000030   Data           4  pid_algorithm.o(.data)
    output                                   0x20000034   Data           4  pid_algorithm.o(.data)
    inte                                     0x20000038   Data           4  pid_algorithm.o(.data)
    velocity                                 0x2000003c   Data           8  pid_algorithm.o(.data)
    error_v                                  0x20000044   Data           8  pid_algorithm.o(.data)
    error_l                                  0x2000004c   Data           8  pid_algorithm.o(.data)
    velocity                                 0x20000054   Data           8  pid_algorithm.o(.data)
    error_v                                  0x2000005c   Data           8  pid_algorithm.o(.data)
    error_l                                  0x20000064   Data           8  pid_algorithm.o(.data)
    error_l                                  0x2000006c   Data           8  pid_algorithm.o(.data)
    error_l                                  0x20000074   Data           8  pid_algorithm.o(.data)
    .data                                    0x2000007c   Section       84  chassis_control.o(.data)
    .data                                    0x200000d0   Section       21  test_imu.o(.data)
    MPU_Rx                                   0x200000d1   Data           1  test_imu.o(.data)
    MPU_Tx                                   0x200000d2   Data           1  test_imu.o(.data)
    MPU_Rx                                   0x200000d3   Data           1  test_imu.o(.data)
    MPU_Tx                                   0x200000d4   Data           1  test_imu.o(.data)
    MPU_Rx                                   0x200000d5   Data           1  test_imu.o(.data)
    MPU_Tx                                   0x200000d6   Data           1  test_imu.o(.data)
    MPU_Tx_buff                              0x200000d7   Data          14  test_imu.o(.data)
    .data                                    0x200000e8   Section       48  gimbal_control.o(.data)
    .data                                    0x20000118   Section       20  sdbus.o(.data)
    .data                                    0x2000012c   Section       16  shoot_control.o(.data)
    .data                                    0x2000013c   Section        1  test_can1.o(.data)
    .data                                    0x20000140   Section        4  stdout.o(.data)
    .bss                                     0x20000144   Section      352  usart.o(.bss)
    .bss                                     0x200002a4   Section       88  spi.o(.bss)
    .bss                                     0x200002fc   Section      128  can.o(.bss)
    .bss                                     0x2000037c   Section       84  i2c.o(.bss)
    .bss                                     0x200003d0   Section      420  tim.o(.bss)
    .bss                                     0x20000574   Section       22  dbus.o(.bss)
    .bss                                     0x2000058a   Section       40  test_imu.o(.bss)
    .bss                                     0x200005b2   Section      100  test_usart.o(.bss)
    .bss                                     0x20000616   Section       18  test_usart.o(.bss)
    .bss                                     0x20000628   Section      128  test_can1.o(.bss)
    Tx1Message                               0x20000628   Data          28  test_can1.o(.bss)
    Rx1Message                               0x20000644   Data          36  test_can1.o(.bss)
    Tx2Message                               0x20000668   Data          28  test_can1.o(.bss)
    Rx2Message                               0x20000684   Data          36  test_can1.o(.bss)
    STACK                                    0x200006a8   Section     1024  startup_stm32f427xx.o(STACK)

    Global Symbols

    Symbol Name                              Value     Ov Type        Size  Object(Section)

    BuildAttributes$$THM_ISAv4$E$P$D$K$B$S$7EM$VFPi3$EXTD16$VFPS$VFMA$PE$A:L22UL41UL21$X:L11$S22US41US21$IEEE1$IW$USESV6$~STKCKD$USESV7$~SHL$OSPACE$ROPI$EBA8$MICROLIB$REQ8$PRES8$EABIv2 0x00000000   Number         0  anon$$obj.o ABSOLUTE
    __ARM_use_no_argv                        0x00000000   Number         0  main.o ABSOLUTE
    _printf_a                                0x00000000   Number         0  stubs.o ABSOLUTE
    _printf_c                                0x00000000   Number         0  stubs.o ABSOLUTE
    _printf_charcount                        0x00000000   Number         0  stubs.o ABSOLUTE
    _printf_d                                0x00000000   Number         0  stubs.o ABSOLUTE
    _printf_e                                0x00000000   Number         0  stubs.o ABSOLUTE
    _printf_f                                0x00000000   Number         0  stubs.o ABSOLUTE
    _printf_flags                            0x00000000   Number         0  stubs.o ABSOLUTE
    _printf_fp_dec                           0x00000000   Number         0  stubs.o ABSOLUTE
    _printf_fp_hex                           0x00000000   Number         0  stubs.o ABSOLUTE
    _printf_g                                0x00000000   Number         0  stubs.o ABSOLUTE
    _printf_i                                0x00000000   Number         0  stubs.o ABSOLUTE
    _printf_int_dec                          0x00000000   Number         0  stubs.o ABSOLUTE
    _printf_l                                0x00000000   Number         0  stubs.o ABSOLUTE
    _printf_lc                               0x00000000   Number         0  stubs.o ABSOLUTE
    _printf_ll                               0x00000000   Number         0  stubs.o ABSOLUTE
    _printf_lld                              0x00000000   Number         0  stubs.o ABSOLUTE
    _printf_lli                              0x00000000   Number         0  stubs.o ABSOLUTE
    _printf_llo                              0x00000000   Number         0  stubs.o ABSOLUTE
    _printf_llu                              0x00000000   Number         0  stubs.o ABSOLUTE
    _printf_llx                              0x00000000   Number         0  stubs.o ABSOLUTE
    _printf_longlong_dec                     0x00000000   Number         0  stubs.o ABSOLUTE
    _printf_longlong_hex                     0x00000000   Number         0  stubs.o ABSOLUTE
    _printf_longlong_oct                     0x00000000   Number         0  stubs.o ABSOLUTE
    _printf_ls                               0x00000000   Number         0  stubs.o ABSOLUTE
    _printf_mbtowc                           0x00000000   Number         0  stubs.o ABSOLUTE
    _printf_n                                0x00000000   Number         0  stubs.o ABSOLUTE
    _printf_o                                0x00000000   Number         0  stubs.o ABSOLUTE
    _printf_p                                0x00000000   Number         0  stubs.o ABSOLUTE
    _printf_percent                          0x00000000   Number         0  stubs.o ABSOLUTE
    _printf_pre_padding                      0x00000000   Number         0  stubs.o ABSOLUTE
    _printf_return_value                     0x00000000   Number         0  stubs.o ABSOLUTE
    _printf_s                                0x00000000   Number         0  stubs.o ABSOLUTE
    _printf_sizespec                         0x00000000   Number         0  stubs.o ABSOLUTE
    _printf_str                              0x00000000   Number         0  stubs.o ABSOLUTE
    _printf_truncate_signed                  0x00000000   Number         0  stubs.o ABSOLUTE
    _printf_truncate_unsigned                0x00000000   Number         0  stubs.o ABSOLUTE
    _printf_u                                0x00000000   Number         0  stubs.o ABSOLUTE
    _printf_wc                               0x00000000   Number         0  stubs.o ABSOLUTE
    _printf_wctomb                           0x00000000   Number         0  stubs.o ABSOLUTE
    _printf_widthprec                        0x00000000   Number         0  stubs.o ABSOLUTE
    _printf_x                                0x00000000   Number         0  stubs.o ABSOLUTE
    __cpp_initialize__aeabi_                  - Undefined Weak Reference
    __cxa_finalize                            - Undefined Weak Reference
    _clock_init                               - Undefined Weak Reference
    _microlib_exit                            - Undefined Weak Reference
    __Vectors_Size                           0x000001ac   Number         0  startup_stm32f427xx.o ABSOLUTE
    __Vectors                                0x08000000   Data           4  startup_stm32f427xx.o(RESET)
    __Vectors_End                            0x080001ac   Data           0  startup_stm32f427xx.o(RESET)
    __main                                   0x080001ad   Thumb Code     0  entry.o(.ARM.Collect$$$$00000000)
    _main_stk                                0x080001ad   Thumb Code     0  entry2.o(.ARM.Collect$$$$00000001)
    _main_scatterload                        0x080001b1   Thumb Code     0  entry5.o(.ARM.Collect$$$$00000004)
    __main_after_scatterload                 0x080001b5   Thumb Code     0  entry5.o(.ARM.Collect$$$$00000004)
    _main_clock                              0x080001b5   Thumb Code     0  entry7b.o(.ARM.Collect$$$$00000008)
    _main_cpp_init                           0x080001b5   Thumb Code     0  entry8b.o(.ARM.Collect$$$$0000000A)
    _main_init                               0x080001b5   Thumb Code     0  entry9a.o(.ARM.Collect$$$$0000000B)
    __rt_final_cpp                           0x080001bd   Thumb Code     0  entry10a.o(.ARM.Collect$$$$0000000D)
    __rt_final_exit                          0x080001bd   Thumb Code     0  entry11a.o(.ARM.Collect$$$$0000000F)
    Reset_Handler                            0x080001c1   Thumb Code     8  startup_stm32f427xx.o(.text)
    ADC_IRQHandler                           0x080001db   Thumb Code     0  startup_stm32f427xx.o(.text)
    CAN1_RX1_IRQHandler                      0x080001db   Thumb Code     0  startup_stm32f427xx.o(.text)
    CAN1_SCE_IRQHandler                      0x080001db   Thumb Code     0  startup_stm32f427xx.o(.text)
    CAN2_RX1_IRQHandler                      0x080001db   Thumb Code     0  startup_stm32f427xx.o(.text)
    DCMI_IRQHandler                          0x080001db   Thumb Code     0  startup_stm32f427xx.o(.text)
    DMA1_Stream0_IRQHandler                  0x080001db   Thumb Code     0  startup_stm32f427xx.o(.text)
    DMA1_Stream1_IRQHandler                  0x080001db   Thumb Code     0  startup_stm32f427xx.o(.text)
    DMA1_Stream2_IRQHandler                  0x080001db   Thumb Code     0  startup_stm32f427xx.o(.text)
    DMA1_Stream3_IRQHandler                  0x080001db   Thumb Code     0  startup_stm32f427xx.o(.text)
    DMA1_Stream4_IRQHandler                  0x080001db   Thumb Code     0  startup_stm32f427xx.o(.text)
    DMA1_Stream5_IRQHandler                  0x080001db   Thumb Code     0  startup_stm32f427xx.o(.text)
    DMA1_Stream6_IRQHandler                  0x080001db   Thumb Code     0  startup_stm32f427xx.o(.text)
    DMA1_Stream7_IRQHandler                  0x080001db   Thumb Code     0  startup_stm32f427xx.o(.text)
    DMA2D_IRQHandler                         0x080001db   Thumb Code     0  startup_stm32f427xx.o(.text)
    DMA2_Stream0_IRQHandler                  0x080001db   Thumb Code     0  startup_stm32f427xx.o(.text)
    DMA2_Stream1_IRQHandler                  0x080001db   Thumb Code     0  startup_stm32f427xx.o(.text)
    DMA2_Stream3_IRQHandler                  0x080001db   Thumb Code     0  startup_stm32f427xx.o(.text)
    DMA2_Stream4_IRQHandler                  0x080001db   Thumb Code     0  startup_stm32f427xx.o(.text)
    DMA2_Stream5_IRQHandler                  0x080001db   Thumb Code     0  startup_stm32f427xx.o(.text)
    DMA2_Stream6_IRQHandler                  0x080001db   Thumb Code     0  startup_stm32f427xx.o(.text)
    DMA2_Stream7_IRQHandler                  0x080001db   Thumb Code     0  startup_stm32f427xx.o(.text)
    ETH_IRQHandler                           0x080001db   Thumb Code     0  startup_stm32f427xx.o(.text)
    ETH_WKUP_IRQHandler                      0x080001db   Thumb Code     0  startup_stm32f427xx.o(.text)
    EXTI0_IRQHandler                         0x080001db   Thumb Code     0  startup_stm32f427xx.o(.text)
    EXTI15_10_IRQHandler                     0x080001db   Thumb Code     0  startup_stm32f427xx.o(.text)
    EXTI2_IRQHandler                         0x080001db   Thumb Code     0  startup_stm32f427xx.o(.text)
    EXTI3_IRQHandler                         0x080001db   Thumb Code     0  startup_stm32f427xx.o(.text)
    EXTI4_IRQHandler                         0x080001db   Thumb Code     0  startup_stm32f427xx.o(.text)
    EXTI9_5_IRQHandler                       0x080001db   Thumb Code     0  startup_stm32f427xx.o(.text)
    FLASH_IRQHandler                         0x080001db   Thumb Code     0  startup_stm32f427xx.o(.text)
    FMC_IRQHandler                           0x080001db   Thumb Code     0  startup_stm32f427xx.o(.text)
    FPU_IRQHandler                           0x080001db   Thumb Code     0  startup_stm32f427xx.o(.text)
    HASH_RNG_IRQHandler                      0x080001db   Thumb Code     0  startup_stm32f427xx.o(.text)
    I2C1_ER_IRQHandler                       0x080001db   Thumb Code     0  startup_stm32f427xx.o(.text)
    I2C1_EV_IRQHandler                       0x080001db   Thumb Code     0  startup_stm32f427xx.o(.text)
    I2C2_ER_IRQHandler                       0x080001db   Thumb Code     0  startup_stm32f427xx.o(.text)
    I2C2_EV_IRQHandler                       0x080001db   Thumb Code     0  startup_stm32f427xx.o(.text)
    I2C3_ER_IRQHandler                       0x080001db   Thumb Code     0  startup_stm32f427xx.o(.text)
    I2C3_EV_IRQHandler                       0x080001db   Thumb Code     0  startup_stm32f427xx.o(.text)
    OTG_FS_IRQHandler                        0x080001db   Thumb Code     0  startup_stm32f427xx.o(.text)
    OTG_FS_WKUP_IRQHandler                   0x080001db   Thumb Code     0  startup_stm32f427xx.o(.text)
    OTG_HS_EP1_IN_IRQHandler                 0x080001db   Thumb Code     0  startup_stm32f427xx.o(.text)
    OTG_HS_EP1_OUT_IRQHandler                0x080001db   Thumb Code     0  startup_stm32f427xx.o(.text)
    OTG_HS_IRQHandler                        0x080001db   Thumb Code     0  startup_stm32f427xx.o(.text)
    OTG_HS_WKUP_IRQHandler                   0x080001db   Thumb Code     0  startup_stm32f427xx.o(.text)
    PVD_IRQHandler                           0x080001db   Thumb Code     0  startup_stm32f427xx.o(.text)
    RCC_IRQHandler                           0x080001db   Thumb Code     0  startup_stm32f427xx.o(.text)
    RTC_Alarm_IRQHandler                     0x080001db   Thumb Code     0  startup_stm32f427xx.o(.text)
    RTC_WKUP_IRQHandler                      0x080001db   Thumb Code     0  startup_stm32f427xx.o(.text)
    SAI1_IRQHandler                          0x080001db   Thumb Code     0  startup_stm32f427xx.o(.text)
    SDIO_IRQHandler                          0x080001db   Thumb Code     0  startup_stm32f427xx.o(.text)
    SPI1_IRQHandler                          0x080001db   Thumb Code     0  startup_stm32f427xx.o(.text)
    SPI2_IRQHandler                          0x080001db   Thumb Code     0  startup_stm32f427xx.o(.text)
    SPI3_IRQHandler                          0x080001db   Thumb Code     0  startup_stm32f427xx.o(.text)
    SPI4_IRQHandler                          0x080001db   Thumb Code     0  startup_stm32f427xx.o(.text)
    SPI5_IRQHandler                          0x080001db   Thumb Code     0  startup_stm32f427xx.o(.text)
    SPI6_IRQHandler                          0x080001db   Thumb Code     0  startup_stm32f427xx.o(.text)
    TAMP_STAMP_IRQHandler                    0x080001db   Thumb Code     0  startup_stm32f427xx.o(.text)
    TIM1_BRK_TIM9_IRQHandler                 0x080001db   Thumb Code     0  startup_stm32f427xx.o(.text)
    TIM1_CC_IRQHandler                       0x080001db   Thumb Code     0  startup_stm32f427xx.o(.text)
    TIM1_TRG_COM_TIM11_IRQHandler            0x080001db   Thumb Code     0  startup_stm32f427xx.o(.text)
    TIM1_UP_TIM10_IRQHandler                 0x080001db   Thumb Code     0  startup_stm32f427xx.o(.text)
    TIM2_IRQHandler                          0x080001db   Thumb Code     0  startup_stm32f427xx.o(.text)
    TIM4_IRQHandler                          0x080001db   Thumb Code     0  startup_stm32f427xx.o(.text)
    TIM5_IRQHandler                          0x080001db   Thumb Code     0  startup_stm32f427xx.o(.text)
    TIM7_IRQHandler                          0x080001db   Thumb Code     0  startup_stm32f427xx.o(.text)
    TIM8_BRK_TIM12_IRQHandler                0x080001db   Thumb Code     0  startup_stm32f427xx.o(.text)
    TIM8_CC_IRQHandler                       0x080001db   Thumb Code     0  startup_stm32f427xx.o(.text)
    TIM8_TRG_COM_TIM14_IRQHandler            0x080001db   Thumb Code     0  startup_stm32f427xx.o(.text)
    TIM8_UP_TIM13_IRQHandler                 0x080001db   Thumb Code     0  startup_stm32f427xx.o(.text)
    UART4_IRQHandler                         0x080001db   Thumb Code     0  startup_stm32f427xx.o(.text)
    UART5_IRQHandler                         0x080001db   Thumb Code     0  startup_stm32f427xx.o(.text)
    UART7_IRQHandler                         0x080001db   Thumb Code     0  startup_stm32f427xx.o(.text)
    UART8_IRQHandler                         0x080001db   Thumb Code     0  startup_stm32f427xx.o(.text)
    WWDG_IRQHandler                          0x080001db   Thumb Code     0  startup_stm32f427xx.o(.text)
    __aeabi_memcpy                           0x080001e5   Thumb Code    36  memcpya.o(.text)
    __aeabi_memcpy4                          0x080001e5   Thumb Code     0  memcpya.o(.text)
    __aeabi_memcpy8                          0x080001e5   Thumb Code     0  memcpya.o(.text)
    __aeabi_uidiv                            0x08000209   Thumb Code     0  uidiv.o(.text)
    __aeabi_uidivmod                         0x08000209   Thumb Code    44  uidiv.o(.text)
    __scatterload                            0x08000235   Thumb Code    28  init.o(.text)
    __scatterload_rt2                        0x08000235   Thumb Code     0  init.o(.text)
    __decompress                             0x08000259   Thumb Code     0  __dczerorl.o(.text)
    __decompress0                            0x08000259   Thumb Code    58  __dczerorl.o(.text)
    BLDC_control                             0x08000295   Thumb Code   126  shoot_control.o(i.BLDC_control)
    BusFault_Handler                         0x08000335   Thumb Code     2  stm32f4xx_it.o(i.BusFault_Handler)
    CAN1_RX0_IRQHandler                      0x08000339   Thumb Code    12  stm32f4xx_it.o(i.CAN1_RX0_IRQHandler)
    CAN1_TX_IRQHandler                       0x0800034d   Thumb Code     6  stm32f4xx_it.o(i.CAN1_TX_IRQHandler)
    CAN2_RX0_IRQHandler                      0x08000359   Thumb Code     6  stm32f4xx_it.o(i.CAN2_RX0_IRQHandler)
    CAN2_SCE_IRQHandler                      0x08000365   Thumb Code     6  stm32f4xx_it.o(i.CAN2_SCE_IRQHandler)
    CAN2_TX_IRQHandler                       0x08000371   Thumb Code     6  stm32f4xx_it.o(i.CAN2_TX_IRQHandler)
    CanFilter_Init                           0x08000481   Thumb Code    80  test_can1.o(i.CanFilter_Init)
    ChassisMotor_Velocity_Control            0x080004dd   Thumb Code   268  chassis_control.o(i.ChassisMotor_Velocity_Control)
    Cmd_ESC                                  0x080005ed   Thumb Code    94  test_can2.o(i.Cmd_ESC)
    Cmd_ESC_820R                             0x08000661   Thumb Code    78  test_can1.o(i.Cmd_ESC_820R)
    DBUS_Dec                                 0x080006b5   Thumb Code   106  dbus.o(i.DBUS_Dec)
    DBUS_Det                                 0x0800071f   Thumb Code    20  dbus.o(i.DBUS_Det)
    DMA2_Stream2_IRQHandler                  0x08000735   Thumb Code     6  stm32f4xx_it.o(i.DMA2_Stream2_IRQHandler)
    DebugMon_Handler                         0x080007e5   Thumb Code     2  stm32f4xx_it.o(i.DebugMon_Handler)
    EXTI1_IRQHandler                         0x080007e7   Thumb Code     6  stm32f4xx_it.o(i.EXTI1_IRQHandler)
    Error_Handler                            0x080007ed   Thumb Code     2  main.o(i.Error_Handler)
    Fire                                     0x080007f1   Thumb Code    54  shoot_control.o(i.Fire)
    Gimbal_Control                           0x0800082d   Thumb Code   114  gimbal_control.o(i.Gimbal_Control)
    HAL_CAN_ConfigFilter                     0x080008b1   Thumb Code   244  stm32f4xx_hal_can.o(i.HAL_CAN_ConfigFilter)
    HAL_CAN_ErrorCallback                    0x080009a9   Thumb Code     2  stm32f4xx_hal_can.o(i.HAL_CAN_ErrorCallback)
    HAL_CAN_IRQHandler                       0x080009ad   Thumb Code   420  stm32f4xx_hal_can.o(i.HAL_CAN_IRQHandler)
    HAL_CAN_Init                             0x08000b5d   Thumb Code   328  stm32f4xx_hal_can.o(i.HAL_CAN_Init)
    HAL_CAN_MspInit                          0x08000ca5   Thumb Code   216  can.o(i.HAL_CAN_MspInit)
    HAL_CAN_Receive_IT                       0x08000d95   Thumb Code    94  stm32f4xx_hal_can.o(i.HAL_CAN_Receive_IT)
    HAL_CAN_RxCpltCallback                   0x08000df5   Thumb Code   184  test_can1.o(i.HAL_CAN_RxCpltCallback)
    HAL_CAN_Transmit                         0x08000ecd   Thumb Code   390  stm32f4xx_hal_can.o(i.HAL_CAN_Transmit)
    HAL_CAN_TxCpltCallback                   0x08001061   Thumb Code     2  stm32f4xx_hal_can.o(i.HAL_CAN_TxCpltCallback)
    HAL_DMA_Abort                            0x08001063   Thumb Code   142  stm32f4xx_hal_dma.o(i.HAL_DMA_Abort)
    HAL_DMA_Abort_IT                         0x080010f1   Thumb Code    36  stm32f4xx_hal_dma.o(i.HAL_DMA_Abort_IT)
    HAL_DMA_IRQHandler                       0x08001115   Thumb Code   414  stm32f4xx_hal_dma.o(i.HAL_DMA_IRQHandler)
    HAL_DMA_Init                             0x080012bd   Thumb Code   202  stm32f4xx_hal_dma.o(i.HAL_DMA_Init)
    HAL_DMA_Start_IT                         0x0800138d   Thumb Code   120  stm32f4xx_hal_dma.o(i.HAL_DMA_Start_IT)
    HAL_GPIO_EXTI_Callback                   0x08001405   Thumb Code     2  stm32f4xx_hal_gpio.o(i.HAL_GPIO_EXTI_Callback)
    HAL_GPIO_EXTI_IRQHandler                 0x08001409   Thumb Code    18  stm32f4xx_hal_gpio.o(i.HAL_GPIO_EXTI_IRQHandler)
    HAL_GPIO_Init                            0x08001421   Thumb Code   408  stm32f4xx_hal_gpio.o(i.HAL_GPIO_Init)
    HAL_GPIO_WritePin                        0x080015ed   Thumb Code    10  stm32f4xx_hal_gpio.o(i.HAL_GPIO_WritePin)
    HAL_GetTick                              0x080015f9   Thumb Code     6  stm32f4xx_hal.o(i.HAL_GetTick)
    HAL_I2C_Init                             0x08001605   Thumb Code   254  stm32f4xx_hal_i2c.o(i.HAL_I2C_Init)
    HAL_I2C_MspInit                          0x0800170d   Thumb Code    62  i2c.o(i.HAL_I2C_MspInit)
    HAL_IncTick                              0x08001759   Thumb Code    10  stm32f4xx_hal.o(i.HAL_IncTick)
    HAL_Init                                 0x08001769   Thumb Code    48  stm32f4xx_hal.o(i.HAL_Init)
    HAL_InitTick                             0x0800179d   Thumb Code    34  stm32f4xx_hal.o(i.HAL_InitTick)
    HAL_MspInit                              0x080017c5   Thumb Code    88  stm32f4xx_hal_msp.o(i.HAL_MspInit)
    HAL_MultiProcessor_Init                  0x0800181d   Thumb Code   142  stm32f4xx_hal_uart.o(i.HAL_MultiProcessor_Init)
    HAL_NVIC_EnableIRQ                       0x080018ab   Thumb Code    22  stm32f4xx_hal_cortex.o(i.HAL_NVIC_EnableIRQ)
    HAL_NVIC_SetPriority                     0x080018c1   Thumb Code    60  stm32f4xx_hal_cortex.o(i.HAL_NVIC_SetPriority)
    HAL_NVIC_SetPriorityGrouping             0x08001901   Thumb Code    26  stm32f4xx_hal_cortex.o(i.HAL_NVIC_SetPriorityGrouping)
    HAL_RCC_ClockConfig                      0x08001925   Thumb Code   364  stm32f4xx_hal_rcc.o(i.HAL_RCC_ClockConfig)
    HAL_RCC_GetHCLKFreq                      0x08001aa1   Thumb Code     6  stm32f4xx_hal_rcc.o(i.HAL_RCC_GetHCLKFreq)
    HAL_RCC_GetPCLK1Freq                     0x08001aad   Thumb Code    34  stm32f4xx_hal_rcc.o(i.HAL_RCC_GetPCLK1Freq)
    HAL_RCC_GetPCLK2Freq                     0x08001add   Thumb Code    34  stm32f4xx_hal_rcc.o(i.HAL_RCC_GetPCLK2Freq)
    HAL_RCC_GetSysClockFreq                  0x08001b0d   Thumb Code   104  stm32f4xx_hal_rcc.o(i.HAL_RCC_GetSysClockFreq)
    HAL_RCC_OscConfig                        0x08001b81   Thumb Code   770  stm32f4xx_hal_rcc.o(i.HAL_RCC_OscConfig)
    HAL_SPI_Init                             0x08001e95   Thumb Code   128  stm32f4xx_hal_spi.o(i.HAL_SPI_Init)
    HAL_SPI_MspInit                          0x08001f15   Thumb Code    64  spi.o(i.HAL_SPI_MspInit)
    HAL_SPI_TransmitReceive                  0x08001f61   Thumb Code   472  stm32f4xx_hal_spi.o(i.HAL_SPI_TransmitReceive)
    HAL_SYSTICK_CLKSourceConfig              0x08002139   Thumb Code    24  stm32f4xx_hal_cortex.o(i.HAL_SYSTICK_CLKSourceConfig)
    HAL_SYSTICK_Callback                     0x08002151   Thumb Code     2  stm32f4xx_hal_cortex.o(i.HAL_SYSTICK_Callback)
    HAL_SYSTICK_Config                       0x08002153   Thumb Code    40  stm32f4xx_hal_cortex.o(i.HAL_SYSTICK_Config)
    HAL_SYSTICK_IRQHandler                   0x0800217b   Thumb Code     8  stm32f4xx_hal_cortex.o(i.HAL_SYSTICK_IRQHandler)
    HAL_TIMEx_BreakCallback                  0x08002183   Thumb Code     2  stm32f4xx_hal_tim_ex.o(i.HAL_TIMEx_BreakCallback)
    HAL_TIMEx_CommutationCallback            0x08002185   Thumb Code     2  stm32f4xx_hal_tim_ex.o(i.HAL_TIMEx_CommutationCallback)
    HAL_TIMEx_ConfigBreakDeadTime            0x08002187   Thumb Code    66  stm32f4xx_hal_tim_ex.o(i.HAL_TIMEx_ConfigBreakDeadTime)
    HAL_TIMEx_MasterConfigSynchronization    0x080021c9   Thumb Code    80  stm32f4xx_hal_tim_ex.o(i.HAL_TIMEx_MasterConfigSynchronization)
    HAL_TIM_Base_GetState                    0x08002219   Thumb Code     6  stm32f4xx_hal_tim.o(i.HAL_TIM_Base_GetState)
    HAL_TIM_Base_Init                        0x0800221f   Thumb Code    54  stm32f4xx_hal_tim.o(i.HAL_TIM_Base_Init)
    HAL_TIM_Base_MspInit                     0x08002255   Thumb Code   200  tim.o(i.HAL_TIM_Base_MspInit)
    HAL_TIM_Base_Start_IT                    0x08002339   Thumb Code    24  stm32f4xx_hal_tim.o(i.HAL_TIM_Base_Start_IT)
    HAL_TIM_ConfigClockSource                0x08002351   Thumb Code   242  stm32f4xx_hal_tim.o(i.HAL_TIM_ConfigClockSource)
    HAL_TIM_IC_CaptureCallback               0x08002443   Thumb Code     2  stm32f4xx_hal_tim.o(i.HAL_TIM_IC_CaptureCallback)
    HAL_TIM_IRQHandler                       0x08002445   Thumb Code   358  stm32f4xx_hal_tim.o(i.HAL_TIM_IRQHandler)
    HAL_TIM_MspPostInit                      0x080025ad   Thumb Code   120  tim.o(i.HAL_TIM_MspPostInit)
    HAL_TIM_OC_DelayElapsedCallback          0x08002641   Thumb Code     2  stm32f4xx_hal_tim.o(i.HAL_TIM_OC_DelayElapsedCallback)
    HAL_TIM_PWM_ConfigChannel                0x08002643   Thumb Code   208  stm32f4xx_hal_tim.o(i.HAL_TIM_PWM_ConfigChannel)
    HAL_TIM_PWM_Init                         0x08002713   Thumb Code    54  stm32f4xx_hal_tim.o(i.HAL_TIM_PWM_Init)
    HAL_TIM_PWM_MspInit                      0x08002749   Thumb Code     2  stm32f4xx_hal_tim.o(i.HAL_TIM_PWM_MspInit)
    HAL_TIM_PWM_PulseFinishedCallback        0x0800274b   Thumb Code     2  stm32f4xx_hal_tim.o(i.HAL_TIM_PWM_PulseFinishedCallback)
    HAL_TIM_PWM_Start                        0x0800274d   Thumb Code    48  stm32f4xx_hal_tim.o(i.HAL_TIM_PWM_Start)
    HAL_TIM_PeriodElapsedCallback            0x08002785   Thumb Code    70  tim.o(i.HAL_TIM_PeriodElapsedCallback)
    HAL_TIM_TriggerCallback                  0x080027d5   Thumb Code     2  stm32f4xx_hal_tim.o(i.HAL_TIM_TriggerCallback)
    HAL_UART_DMAStop                         0x080027d7   Thumb Code    88  stm32f4xx_hal_uart.o(i.HAL_UART_DMAStop)
    HAL_UART_ErrorCallback                   0x0800282f   Thumb Code     2  stm32f4xx_hal_uart.o(i.HAL_UART_ErrorCallback)
    HAL_UART_IRQHandler                      0x08002831   Thumb Code   266  stm32f4xx_hal_uart.o(i.HAL_UART_IRQHandler)
    HAL_UART_MspInit                         0x08002941   Thumb Code   294  usart.o(i.HAL_UART_MspInit)
    HAL_UART_Receive_DMA                     0x08002a91   Thumb Code   132  stm32f4xx_hal_uart.o(i.HAL_UART_Receive_DMA)
    HAL_UART_Receive_IT                      0x08002b21   Thumb Code    72  stm32f4xx_hal_uart.o(i.HAL_UART_Receive_IT)
    HAL_UART_RxCpltCallback                  0x08002b69   Thumb Code    88  test_usart.o(i.HAL_UART_RxCpltCallback)
    HAL_UART_RxHalfCpltCallback              0x08002bcd   Thumb Code     2  stm32f4xx_hal_uart.o(i.HAL_UART_RxHalfCpltCallback)
    HAL_UART_Transmit                        0x08002bcf   Thumb Code   186  stm32f4xx_hal_uart.o(i.HAL_UART_Transmit)
    HAL_UART_TxCpltCallback                  0x08002c89   Thumb Code     2  stm32f4xx_hal_uart.o(i.HAL_UART_TxCpltCallback)
    HardFault_Handler                        0x08002c8b   Thumb Code     2  stm32f4xx_it.o(i.HardFault_Handler)
    IMU_Get_Data                             0x08002c8d   Thumb Code   106  test_imu.o(i.IMU_Get_Data)
    Initialization                           0x08002cfd   Thumb Code    50  initialization.o(i.Initialization)
    MPU6500_Read_Regs                        0x08002d51   Thumb Code    78  test_imu.o(i.MPU6500_Read_Regs)
    MX_CAN1_Init                             0x08002dad   Thumb Code    62  can.o(i.MX_CAN1_Init)
    MX_CAN2_Init                             0x08002df5   Thumb Code    62  can.o(i.MX_CAN2_Init)
    MX_DMA_Init                              0x08002e3d   Thumb Code    40  dma.o(i.MX_DMA_Init)
    MX_GPIO_Init                             0x08002e69   Thumb Code   316  gpio.o(i.MX_GPIO_Init)
    MX_I2C2_Init                             0x08002fbd   Thumb Code    50  i2c.o(i.MX_I2C2_Init)
    MX_SPI5_Init                             0x08002ffd   Thumb Code    62  spi.o(i.MX_SPI5_Init)
    MX_TIM12_Init                            0x08003045   Thumb Code   126  tim.o(i.MX_TIM12_Init)
    MX_TIM2_Init                             0x080030cd   Thumb Code   172  tim.o(i.MX_TIM2_Init)
    MX_TIM3_Init                             0x0800317d   Thumb Code    82  tim.o(i.MX_TIM3_Init)
    MX_TIM4_Init                             0x080031d9   Thumb Code   164  tim.o(i.MX_TIM4_Init)
    MX_TIM5_Init                             0x08003285   Thumb Code    82  tim.o(i.MX_TIM5_Init)
    MX_TIM6_Init                             0x080032e1   Thumb Code    54  tim.o(i.MX_TIM6_Init)
    MX_TIM8_Init                             0x08003321   Thumb Code   206  tim.o(i.MX_TIM8_Init)
    MX_USART1_UART_Init                      0x080033f9   Thumb Code    52  usart.o(i.MX_USART1_UART_Init)
    MX_USART2_UART_Init                      0x08003439   Thumb Code    50  usart.o(i.MX_USART2_UART_Init)
    MX_USART3_UART_Init                      0x08003475   Thumb Code    50  usart.o(i.MX_USART3_UART_Init)
    MX_USART6_UART_Init                      0x080034b1   Thumb Code    50  usart.o(i.MX_USART6_UART_Init)
    MemManage_Handler                        0x080034ed   Thumb Code     2  stm32f4xx_it.o(i.MemManage_Handler)
    NMI_Handler                              0x080034ef   Thumb Code     2  stm32f4xx_it.o(i.NMI_Handler)
    PendSV_Handler                           0x08003511   Thumb Code     2  stm32f4xx_it.o(i.PendSV_Handler)
    Position_Control_206                     0x08003515   Thumb Code    76  pid_algorithm.o(i.Position_Control_206)
    SDState_Set                              0x08003579   Thumb Code    64  sdbus.o(i.SDState_Set)
    SVC_Handler                              0x0800367b   Thumb Code     2  stm32f4xx_it.o(i.SVC_Handler)
    SysTick_Handler                          0x0800367d   Thumb Code    14  stm32f4xx_it.o(i.SysTick_Handler)
    SystemClock_Config                       0x0800368d   Thumb Code   152  main.o(i.SystemClock_Config)
    SystemInit                               0x0800372d   Thumb Code    66  system_stm32f4xx.o(i.SystemInit)
    TIM3_IRQHandler                          0x08003781   Thumb Code     6  stm32f4xx_it.o(i.TIM3_IRQHandler)
    TIM6_DAC_IRQHandler                      0x0800378d   Thumb Code    28  stm32f4xx_it.o(i.TIM6_DAC_IRQHandler)
    TIM_Base_SetConfig                       0x080037ad   Thumb Code   148  stm32f4xx_hal_tim.o(i.TIM_Base_SetConfig)
    TIM_CCxChannelCmd                        0x0800386d   Thumb Code    22  stm32f4xx_hal_tim.o(i.TIM_CCxChannelCmd)
    TIM_OC2_SetConfig                        0x08003901   Thumb Code    90  stm32f4xx_hal_tim.o(i.TIM_OC2_SetConfig)
    TransMove                                0x08003a5b   Thumb Code   236  chassis_control.o(i.TransMove)
    Trigger_Control                          0x08003b49   Thumb Code   142  gimbal_control.o(i.Trigger_Control)
    USART1_IRQHandler                        0x080040b1   Thumb Code   122  stm32f4xx_it.o(i.USART1_IRQHandler)
    USART2_IRQHandler                        0x08004145   Thumb Code     6  stm32f4xx_it.o(i.USART2_IRQHandler)
    USART3_IRQHandler                        0x08004151   Thumb Code     6  stm32f4xx_it.o(i.USART3_IRQHandler)
    USART6_IRQHandler                        0x0800415d   Thumb Code     6  stm32f4xx_it.o(i.USART6_IRQHandler)
    UsageFault_Handler                       0x08004169   Thumb Code     2  stm32f4xx_it.o(i.UsageFault_Handler)
    Velocity_Control_206                     0x0800416d   Thumb Code   150  pid_algorithm.o(i.Velocity_Control_206)
    Velocity_Control_820R                    0x08004225   Thumb Code    84  pid_algorithm.o(i.Velocity_Control_820R)
    __0printf$1                              0x0800428d   Thumb Code    22  printf1.o(i.__0printf$1)
    __1printf$1                              0x0800428d   Thumb Code     0  printf1.o(i.__0printf$1)
    __2printf                                0x0800428d   Thumb Code     0  printf1.o(i.__0printf$1)
    __scatterload_copy                       0x080042ad   Thumb Code    14  handlers.o(i.__scatterload_copy)
    __scatterload_null                       0x080042bb   Thumb Code     2  handlers.o(i.__scatterload_null)
    __scatterload_zeroinit                   0x080042bd   Thumb Code    14  handlers.o(i.__scatterload_zeroinit)
    delay_ms                                 0x08004421   Thumb Code    24  delay.o(i.delay_ms)
    delay_us                                 0x08004439   Thumb Code    18  delay.o(i.delay_us)
    fputc                                    0x0800444d   Thumb Code    20  main.o(i.fputc)
    main                                     0x08004465   Thumb Code   292  main.o(i.main)
    move_control                             0x080045bd   Thumb Code   178  chassis_control.o(i.move_control)
    APBAHBPrescTable                         0x08004674   Data          16  stm32f4xx_hal_rcc.o(.constdata)
    Region$$Table$$Base                      0x0800468c   Number         0  anon$$obj.o(Region$$Table)
    Region$$Table$$Limit                     0x080046ac   Number         0  anon$$obj.o(Region$$Table)
    uwTick                                   0x20000000   Data           4  stm32f4xx_hal.o(.data)
    recv_end_flag                            0x20000008   Data           1  main.o(.data)
    SystemCoreClock                          0x2000000c   Data           4  system_stm32f4xx.o(.data)
    moveSpeed                                0x2000007c   Data           4  chassis_control.o(.data)
    RM3510_1                                 0x20000080   Data          20  chassis_control.o(.data)
    RM3510_2                                 0x20000094   Data          20  chassis_control.o(.data)
    RM3510_3                                 0x200000a8   Data          20  chassis_control.o(.data)
    RM3510_4                                 0x200000bc   Data          20  chassis_control.o(.data)
    MPU_id                                   0x200000d0   Data           1  test_imu.o(.data)
    yaw                                      0x200000e8   Data          24  gimbal_control.o(.data)
    pitch                                    0x20000100   Data          24  gimbal_control.o(.data)
    SDFlag                                   0x20000118   Data           4  sdbus.o(.data)
    LastQKey                                 0x2000011c   Data           4  sdbus.o(.data)
    LastEKey                                 0x20000120   Data           4  sdbus.o(.data)
    sdbus                                    0x20000124   Data           8  sdbus.o(.data)
    last_s2                                  0x2000012c   Data           1  shoot_control.o(.data)
    last_pressr                              0x2000012d   Data           1  shoot_control.o(.data)
    rub_flag                                 0x20000130   Data           4  shoot_control.o(.data)
    shoot_flag                               0x20000134   Data           4  shoot_control.o(.data)
    shoot_speed_new                          0x20000138   Data           4  shoot_control.o(.data)
    can2_tx_success_flag                     0x2000013c   Data           1  test_can1.o(.data)
    __stdout                                 0x20000140   Data           4  stdout.o(.data)
    huart1                                   0x20000144   Data          64  usart.o(.bss)
    huart2                                   0x20000184   Data          64  usart.o(.bss)
    huart3                                   0x200001c4   Data          64  usart.o(.bss)
    huart6                                   0x20000204   Data          64  usart.o(.bss)
    hdma_usart1_rx                           0x20000244   Data          96  usart.o(.bss)
    hspi5                                    0x200002a4   Data          88  spi.o(.bss)
    hcan1                                    0x200002fc   Data          64  can.o(.bss)
    hcan2                                    0x2000033c   Data          64  can.o(.bss)
    hi2c2                                    0x2000037c   Data          84  i2c.o(.bss)
    htim2                                    0x200003d0   Data          60  tim.o(.bss)
    htim3                                    0x2000040c   Data          60  tim.o(.bss)
    htim4                                    0x20000448   Data          60  tim.o(.bss)
    htim5                                    0x20000484   Data          60  tim.o(.bss)
    htim6                                    0x200004c0   Data          60  tim.o(.bss)
    htim8                                    0x200004fc   Data          60  tim.o(.bss)
    htim12                                   0x20000538   Data          60  tim.o(.bss)
    dbus                                     0x20000574   Data          22  dbus.o(.bss)
    imu_data                                 0x2000058a   Data          20  test_imu.o(.bss)
    imu_data_offest                          0x2000059e   Data          20  test_imu.o(.bss)
    uart3_rx_buff                            0x200005b2   Data          50  test_usart.o(.bss)
    uart6_rx_buff                            0x200005e4   Data          50  test_usart.o(.bss)
    dbus_buf                                 0x20000616   Data          18  test_usart.o(.bss)
    __initial_sp                             0x20000aa8   Data           0  startup_stm32f427xx.o(STACK)



==============================================================================

Memory Map of the image

  Image Entry point : 0x080001ad

  Load Region LR_IROM1 (Base: 0x08000000, Size: 0x000047f0, Max: 0x00200000, ABSOLUTE, COMPRESSED[0x000046d4])

    Execution Region ER_IROM1 (Base: 0x08000000, Size: 0x000046ac, Max: 0x00200000, ABSOLUTE)

    Base Addr    Size         Type   Attr      Idx    E Section Name        Object

    0x08000000   0x000001ac   Data   RO            3    RESET               startup_stm32f427xx.o
    0x080001ac   0x00000000   Code   RO         4618  * .ARM.Collect$$$$00000000  mc_w.l(entry.o)
    0x080001ac   0x00000004   Code   RO         4896    .ARM.Collect$$$$00000001  mc_w.l(entry2.o)
    0x080001b0   0x00000004   Code   RO         4899    .ARM.Collect$$$$00000004  mc_w.l(entry5.o)
    0x080001b4   0x00000000   Code   RO         4901    .ARM.Collect$$$$00000008  mc_w.l(entry7b.o)
    0x080001b4   0x00000000   Code   RO         4903    .ARM.Collect$$$$0000000A  mc_w.l(entry8b.o)
    0x080001b4   0x00000008   Code   RO         4904    .ARM.Collect$$$$0000000B  mc_w.l(entry9a.o)
    0x080001bc   0x00000000   Code   RO         4906    .ARM.Collect$$$$0000000D  mc_w.l(entry10a.o)
    0x080001bc   0x00000000   Code   RO         4908    .ARM.Collect$$$$0000000F  mc_w.l(entry11a.o)
    0x080001bc   0x00000004   Code   RO         4897    .ARM.Collect$$$$00002712  mc_w.l(entry2.o)
    0x080001c0   0x00000024   Code   RO            4    .text               startup_stm32f427xx.o
    0x080001e4   0x00000024   Code   RO         4621    .text               mc_w.l(memcpya.o)
    0x08000208   0x0000002c   Code   RO         4911    .text               mc_w.l(uidiv.o)
    0x08000234   0x00000024   Code   RO         4928    .text               mc_w.l(init.o)
    0x08000258   0x0000003a   Code   RO         4938    .text               mc_w.l(__dczerorl.o)
    0x08000292   0x00000002   PAD
    0x08000294   0x000000a0   Code   RO         4305    i.BLDC_control      shoot_control.o
    0x08000334   0x00000002   Code   RO         3698    i.BusFault_Handler  stm32f4xx_it.o
    0x08000336   0x00000002   PAD
    0x08000338   0x00000014   Code   RO         3699    i.CAN1_RX0_IRQHandler  stm32f4xx_it.o
    0x0800034c   0x0000000c   Code   RO         3700    i.CAN1_TX_IRQHandler  stm32f4xx_it.o
    0x08000358   0x0000000c   Code   RO         3701    i.CAN2_RX0_IRQHandler  stm32f4xx_it.o
    0x08000364   0x0000000c   Code   RO         3702    i.CAN2_SCE_IRQHandler  stm32f4xx_it.o
    0x08000370   0x0000000c   Code   RO         3703    i.CAN2_TX_IRQHandler  stm32f4xx_it.o
    0x0800037c   0x00000104   Code   RO          504    i.CAN_Receive_IT    stm32f4xx_hal_can.o
    0x08000480   0x0000005c   Code   RO         4486    i.CanFilter_Init    test_can1.o
    0x080004dc   0x00000110   Code   RO         4065    i.ChassisMotor_Velocity_Control  chassis_control.o
    0x080005ec   0x00000074   Code   RO         4591    i.Cmd_ESC           test_can2.o
    0x08000660   0x00000054   Code   RO         4487    i.Cmd_ESC_820R      test_can1.o
    0x080006b4   0x0000006a   Code   RO         3960    i.DBUS_Dec          dbus.o
    0x0800071e   0x00000014   Code   RO         3961    i.DBUS_Det          dbus.o
    0x08000732   0x00000002   PAD
    0x08000734   0x0000000c   Code   RO         3704    i.DMA2_Stream2_IRQHandler  stm32f4xx_it.o
    0x08000740   0x00000028   Code   RO         1388    i.DMA_CalcBaseAndBitshift  stm32f4xx_hal_dma.o
    0x08000768   0x00000054   Code   RO         1389    i.DMA_CheckFifoParam  stm32f4xx_hal_dma.o
    0x080007bc   0x00000028   Code   RO         1390    i.DMA_SetConfig     stm32f4xx_hal_dma.o
    0x080007e4   0x00000002   Code   RO         3705    i.DebugMon_Handler  stm32f4xx_it.o
    0x080007e6   0x00000006   Code   RO         3706    i.EXTI1_IRQHandler  stm32f4xx_it.o
    0x080007ec   0x00000002   Code   RO         3482    i.Error_Handler     main.o
    0x080007ee   0x00000002   PAD
    0x080007f0   0x0000003c   Code   RO         4306    i.Fire              shoot_control.o
    0x0800082c   0x00000084   Code   RO         4215    i.Gimbal_Control    gimbal_control.o
    0x080008b0   0x000000f8   Code   RO          505    i.HAL_CAN_ConfigFilter  stm32f4xx_hal_can.o
    0x080009a8   0x00000002   Code   RO          507    i.HAL_CAN_ErrorCallback  stm32f4xx_hal_can.o
    0x080009aa   0x00000002   PAD
    0x080009ac   0x000001b0   Code   RO          510    i.HAL_CAN_IRQHandler  stm32f4xx_hal_can.o
    0x08000b5c   0x00000148   Code   RO          511    i.HAL_CAN_Init      stm32f4xx_hal_can.o
    0x08000ca4   0x000000f0   Code   RO         3392    i.HAL_CAN_MspInit   can.o
    0x08000d94   0x0000005e   Code   RO          515    i.HAL_CAN_Receive_IT  stm32f4xx_hal_can.o
    0x08000df2   0x00000002   PAD
    0x08000df4   0x000000d8   Code   RO         4488    i.HAL_CAN_RxCpltCallback  test_can1.o
    0x08000ecc   0x00000194   Code   RO          518    i.HAL_CAN_Transmit  stm32f4xx_hal_can.o
    0x08001060   0x00000002   Code   RO          520    i.HAL_CAN_TxCpltCallback  stm32f4xx_hal_can.o
    0x08001062   0x0000008e   Code   RO         1391    i.HAL_DMA_Abort     stm32f4xx_hal_dma.o
    0x080010f0   0x00000024   Code   RO         1392    i.HAL_DMA_Abort_IT  stm32f4xx_hal_dma.o
    0x08001114   0x000001a8   Code   RO         1396    i.HAL_DMA_IRQHandler  stm32f4xx_hal_dma.o
    0x080012bc   0x000000d0   Code   RO         1397    i.HAL_DMA_Init      stm32f4xx_hal_dma.o
    0x0800138c   0x00000078   Code   RO         1401    i.HAL_DMA_Start_IT  stm32f4xx_hal_dma.o
    0x08001404   0x00000002   Code   RO         1567    i.HAL_GPIO_EXTI_Callback  stm32f4xx_hal_gpio.o
    0x08001406   0x00000002   PAD
    0x08001408   0x00000018   Code   RO         1568    i.HAL_GPIO_EXTI_IRQHandler  stm32f4xx_hal_gpio.o
    0x08001420   0x000001cc   Code   RO         1569    i.HAL_GPIO_Init     stm32f4xx_hal_gpio.o
    0x080015ec   0x0000000a   Code   RO         1573    i.HAL_GPIO_WritePin  stm32f4xx_hal_gpio.o
    0x080015f6   0x00000002   PAD
    0x080015f8   0x0000000c   Code   RO         1765    i.HAL_GetTick       stm32f4xx_hal.o
    0x08001604   0x00000108   Code   RO         2794    i.HAL_I2C_Init      stm32f4xx_hal_i2c.o
    0x0800170c   0x0000004c   Code   RO         3441    i.HAL_I2C_MspInit   i2c.o
    0x08001758   0x00000010   Code   RO         1766    i.HAL_IncTick       stm32f4xx_hal.o
    0x08001768   0x00000034   Code   RO         1767    i.HAL_Init          stm32f4xx_hal.o
    0x0800179c   0x00000028   Code   RO         1768    i.HAL_InitTick      stm32f4xx_hal.o
    0x080017c4   0x00000058   Code   RO         3367    i.HAL_MspInit       stm32f4xx_hal_msp.o
    0x0800181c   0x0000008e   Code   RO          185    i.HAL_MultiProcessor_Init  stm32f4xx_hal_uart.o
    0x080018aa   0x00000016   Code   RO         2032    i.HAL_NVIC_EnableIRQ  stm32f4xx_hal_cortex.o
    0x080018c0   0x00000040   Code   RO         2038    i.HAL_NVIC_SetPriority  stm32f4xx_hal_cortex.o
    0x08001900   0x00000024   Code   RO         2039    i.HAL_NVIC_SetPriorityGrouping  stm32f4xx_hal_cortex.o
    0x08001924   0x0000017c   Code   RO         1284    i.HAL_RCC_ClockConfig  stm32f4xx_hal_rcc.o
    0x08001aa0   0x0000000c   Code   RO         1289    i.HAL_RCC_GetHCLKFreq  stm32f4xx_hal_rcc.o
    0x08001aac   0x00000030   Code   RO         1291    i.HAL_RCC_GetPCLK1Freq  stm32f4xx_hal_rcc.o
    0x08001adc   0x00000030   Code   RO         1292    i.HAL_RCC_GetPCLK2Freq  stm32f4xx_hal_rcc.o
    0x08001b0c   0x00000074   Code   RO         1293    i.HAL_RCC_GetSysClockFreq  stm32f4xx_hal_rcc.o
    0x08001b80   0x00000314   Code   RO         1296    i.HAL_RCC_OscConfig  stm32f4xx_hal_rcc.o
    0x08001e94   0x00000080   Code   RO          637    i.HAL_SPI_Init      stm32f4xx_hal_spi.o
    0x08001f14   0x0000004c   Code   RO         3302    i.HAL_SPI_MspInit   spi.o
    0x08001f60   0x000001d8   Code   RO          646    i.HAL_SPI_TransmitReceive  stm32f4xx_hal_spi.o
    0x08002138   0x00000018   Code   RO         2041    i.HAL_SYSTICK_CLKSourceConfig  stm32f4xx_hal_cortex.o
    0x08002150   0x00000002   Code   RO         2042    i.HAL_SYSTICK_Callback  stm32f4xx_hal_cortex.o
    0x08002152   0x00000028   Code   RO         2043    i.HAL_SYSTICK_Config  stm32f4xx_hal_cortex.o
    0x0800217a   0x00000008   Code   RO         2044    i.HAL_SYSTICK_IRQHandler  stm32f4xx_hal_cortex.o
    0x08002182   0x00000002   Code   RO         1008    i.HAL_TIMEx_BreakCallback  stm32f4xx_hal_tim_ex.o
    0x08002184   0x00000002   Code   RO         1009    i.HAL_TIMEx_CommutationCallback  stm32f4xx_hal_tim_ex.o
    0x08002186   0x00000042   Code   RO         1010    i.HAL_TIMEx_ConfigBreakDeadTime  stm32f4xx_hal_tim_ex.o
    0x080021c8   0x00000050   Code   RO         1025    i.HAL_TIMEx_MasterConfigSynchronization  stm32f4xx_hal_tim_ex.o
    0x08002218   0x00000006   Code   RO         2153    i.HAL_TIM_Base_GetState  stm32f4xx_hal_tim.o
    0x0800221e   0x00000036   Code   RO         2154    i.HAL_TIM_Base_Init  stm32f4xx_hal_tim.o
    0x08002254   0x000000e4   Code   RO         3602    i.HAL_TIM_Base_MspInit  tim.o
    0x08002338   0x00000018   Code   RO         2159    i.HAL_TIM_Base_Start_IT  stm32f4xx_hal_tim.o
    0x08002350   0x000000f2   Code   RO         2163    i.HAL_TIM_ConfigClockSource  stm32f4xx_hal_tim.o
    0x08002442   0x00000002   Code   RO         2183    i.HAL_TIM_IC_CaptureCallback  stm32f4xx_hal_tim.o
    0x08002444   0x00000166   Code   RO         2196    i.HAL_TIM_IRQHandler  stm32f4xx_hal_tim.o
    0x080025aa   0x00000002   PAD
    0x080025ac   0x00000094   Code   RO         3603    i.HAL_TIM_MspPostInit  tim.o
    0x08002640   0x00000002   Code   RO         2199    i.HAL_TIM_OC_DelayElapsedCallback  stm32f4xx_hal_tim.o
    0x08002642   0x000000d0   Code   RO         2220    i.HAL_TIM_PWM_ConfigChannel  stm32f4xx_hal_tim.o
    0x08002712   0x00000036   Code   RO         2223    i.HAL_TIM_PWM_Init  stm32f4xx_hal_tim.o
    0x08002748   0x00000002   Code   RO         2225    i.HAL_TIM_PWM_MspInit  stm32f4xx_hal_tim.o
    0x0800274a   0x00000002   Code   RO         2226    i.HAL_TIM_PWM_PulseFinishedCallback  stm32f4xx_hal_tim.o
    0x0800274c   0x00000038   Code   RO         2227    i.HAL_TIM_PWM_Start  stm32f4xx_hal_tim.o
    0x08002784   0x00000050   Code   RO         3604    i.HAL_TIM_PeriodElapsedCallback  tim.o
    0x080027d4   0x00000002   Code   RO         2237    i.HAL_TIM_TriggerCallback  stm32f4xx_hal_tim.o
    0x080027d6   0x00000058   Code   RO          197    i.HAL_UART_DMAStop  stm32f4xx_hal_uart.o
    0x0800282e   0x00000002   Code   RO          199    i.HAL_UART_ErrorCallback  stm32f4xx_hal_uart.o
    0x08002830   0x00000110   Code   RO          202    i.HAL_UART_IRQHandler  stm32f4xx_hal_uart.o
    0x08002940   0x00000150   Code   RO         3239    i.HAL_UART_MspInit  usart.o
    0x08002a90   0x00000090   Code   RO          207    i.HAL_UART_Receive_DMA  stm32f4xx_hal_uart.o
    0x08002b20   0x00000048   Code   RO          208    i.HAL_UART_Receive_IT  stm32f4xx_hal_uart.o
    0x08002b68   0x00000064   Code   RO         4439    i.HAL_UART_RxCpltCallback  test_usart.o
    0x08002bcc   0x00000002   Code   RO          210    i.HAL_UART_RxHalfCpltCallback  stm32f4xx_hal_uart.o
    0x08002bce   0x000000ba   Code   RO          211    i.HAL_UART_Transmit  stm32f4xx_hal_uart.o
    0x08002c88   0x00000002   Code   RO          214    i.HAL_UART_TxCpltCallback  stm32f4xx_hal_uart.o
    0x08002c8a   0x00000002   Code   RO         3707    i.HardFault_Handler  stm32f4xx_it.o
    0x08002c8c   0x00000070   Code   RO         4120    i.IMU_Get_Data      test_imu.o
    0x08002cfc   0x00000054   Code   RO         4379    i.Initialization    initialization.o
    0x08002d50   0x0000005c   Code   RO         4126    i.MPU6500_Read_Regs  test_imu.o
    0x08002dac   0x00000048   Code   RO         3393    i.MX_CAN1_Init      can.o
    0x08002df4   0x00000048   Code   RO         3394    i.MX_CAN2_Init      can.o
    0x08002e3c   0x0000002c   Code   RO         3343    i.MX_DMA_Init       dma.o
    0x08002e68   0x00000154   Code   RO         3211    i.MX_GPIO_Init      gpio.o
    0x08002fbc   0x00000040   Code   RO         3442    i.MX_I2C2_Init      i2c.o
    0x08002ffc   0x00000048   Code   RO         3303    i.MX_SPI5_Init      spi.o
    0x08003044   0x00000088   Code   RO         3605    i.MX_TIM12_Init     tim.o
    0x080030cc   0x000000b0   Code   RO         3606    i.MX_TIM2_Init      tim.o
    0x0800317c   0x0000005c   Code   RO         3607    i.MX_TIM3_Init      tim.o
    0x080031d8   0x000000ac   Code   RO         3608    i.MX_TIM4_Init      tim.o
    0x08003284   0x0000005c   Code   RO         3609    i.MX_TIM5_Init      tim.o
    0x080032e0   0x00000040   Code   RO         3610    i.MX_TIM6_Init      tim.o
    0x08003320   0x000000d8   Code   RO         3611    i.MX_TIM8_Init      tim.o
    0x080033f8   0x00000040   Code   RO         3240    i.MX_USART1_UART_Init  usart.o
    0x08003438   0x0000003c   Code   RO         3241    i.MX_USART2_UART_Init  usart.o
    0x08003474   0x0000003c   Code   RO         3242    i.MX_USART3_UART_Init  usart.o
    0x080034b0   0x0000003c   Code   RO         3243    i.MX_USART6_UART_Init  usart.o
    0x080034ec   0x00000002   Code   RO         3708    i.MemManage_Handler  stm32f4xx_it.o
    0x080034ee   0x00000002   Code   RO         3709    i.NMI_Handler       stm32f4xx_it.o
    0x080034f0   0x00000020   Code   RO         2045    i.NVIC_SetPriority  stm32f4xx_hal_cortex.o
    0x08003510   0x00000002   Code   RO         3710    i.PendSV_Handler    stm32f4xx_it.o
    0x08003512   0x00000002   PAD
    0x08003514   0x00000064   Code   RO         4003    i.Position_Control_206  pid_algorithm.o
    0x08003578   0x0000004c   Code   RO         4258    i.SDState_Set       sdbus.o
    0x080035c4   0x00000020   Code   RO          659    i.SPI_CheckFlag_BSY  stm32f4xx_hal_spi.o
    0x080035e4   0x00000096   Code   RO          675    i.SPI_WaitFlagStateUntilTimeout  stm32f4xx_hal_spi.o
    0x0800367a   0x00000002   Code   RO         3711    i.SVC_Handler       stm32f4xx_it.o
    0x0800367c   0x0000000e   Code   RO         3712    i.SysTick_Handler   stm32f4xx_it.o
    0x0800368a   0x00000002   PAD
    0x0800368c   0x000000a0   Code   RO         3483    i.SystemClock_Config  main.o
    0x0800372c   0x00000054   Code   RO         3857    i.SystemInit        system_stm32f4xx.o
    0x08003780   0x0000000c   Code   RO         3713    i.TIM3_IRQHandler   stm32f4xx_it.o
    0x0800378c   0x00000020   Code   RO         3714    i.TIM6_DAC_IRQHandler  stm32f4xx_it.o
    0x080037ac   0x000000c0   Code   RO         2238    i.TIM_Base_SetConfig  stm32f4xx_hal_tim.o
    0x0800386c   0x00000016   Code   RO         2239    i.TIM_CCxChannelCmd  stm32f4xx_hal_tim.o
    0x08003882   0x00000014   Code   RO         2245    i.TIM_ETR_SetConfig  stm32f4xx_hal_tim.o
    0x08003896   0x00000010   Code   RO         2246    i.TIM_ITRx_SetConfig  stm32f4xx_hal_tim.o
    0x080038a6   0x00000002   PAD
    0x080038a8   0x00000058   Code   RO         2247    i.TIM_OC1_SetConfig  stm32f4xx_hal_tim.o
    0x08003900   0x00000064   Code   RO         2248    i.TIM_OC2_SetConfig  stm32f4xx_hal_tim.o
    0x08003964   0x00000060   Code   RO         2249    i.TIM_OC3_SetConfig  stm32f4xx_hal_tim.o
    0x080039c4   0x00000050   Code   RO         2250    i.TIM_OC4_SetConfig  stm32f4xx_hal_tim.o
    0x08003a14   0x00000022   Code   RO         2252    i.TIM_TI1_ConfigInputStage  stm32f4xx_hal_tim.o
    0x08003a36   0x00000024   Code   RO         2254    i.TIM_TI2_ConfigInputStage  stm32f4xx_hal_tim.o
    0x08003a5a   0x000000ec   Code   RO         4066    i.TransMove         chassis_control.o
    0x08003b46   0x00000002   PAD
    0x08003b48   0x00000098   Code   RO         4216    i.Trigger_Control   gimbal_control.o
    0x08003be0   0x00000010   Code   RO          216    i.UART_DMAAbortOnError  stm32f4xx_hal_uart.o
    0x08003bf0   0x0000004a   Code   RO          217    i.UART_DMAError     stm32f4xx_hal_uart.o
    0x08003c3a   0x0000003c   Code   RO          218    i.UART_DMAReceiveCplt  stm32f4xx_hal_uart.o
    0x08003c76   0x0000000a   Code   RO          220    i.UART_DMARxHalfCplt  stm32f4xx_hal_uart.o
    0x08003c80   0x0000001c   Code   RO          226    i.UART_EndRxTransfer  stm32f4xx_hal_uart.o
    0x08003c9c   0x00000012   Code   RO          227    i.UART_EndTxTransfer  stm32f4xx_hal_uart.o
    0x08003cae   0x0000008c   Code   RO          228    i.UART_Receive_IT   stm32f4xx_hal_uart.o
    0x08003d3a   0x00000002   PAD
    0x08003d3c   0x000002ac   Code   RO          229    i.UART_SetConfig    stm32f4xx_hal_uart.o
    0x08003fe8   0x00000062   Code   RO          230    i.UART_Transmit_IT  stm32f4xx_hal_uart.o
    0x0800404a   0x00000064   Code   RO          231    i.UART_WaitOnFlagUntilTimeout  stm32f4xx_hal_uart.o
    0x080040ae   0x00000002   PAD
    0x080040b0   0x00000094   Code   RO         3715    i.USART1_IRQHandler  stm32f4xx_it.o
    0x08004144   0x0000000c   Code   RO         3716    i.USART2_IRQHandler  stm32f4xx_it.o
    0x08004150   0x0000000c   Code   RO         3717    i.USART3_IRQHandler  stm32f4xx_it.o
    0x0800415c   0x0000000c   Code   RO         3718    i.USART6_IRQHandler  stm32f4xx_it.o
    0x08004168   0x00000002   Code   RO         3719    i.UsageFault_Handler  stm32f4xx_it.o
    0x0800416a   0x00000002   PAD
    0x0800416c   0x000000b8   Code   RO         4006    i.Velocity_Control_206  pid_algorithm.o
    0x08004224   0x00000068   Code   RO         4007    i.Velocity_Control_820R  pid_algorithm.o
    0x0800428c   0x00000020   Code   RO         4670    i.__0printf$1       mc_w.l(printf1.o)
    0x080042ac   0x0000000e   Code   RO         4932    i.__scatterload_copy  mc_w.l(handlers.o)
    0x080042ba   0x00000002   Code   RO         4933    i.__scatterload_null  mc_w.l(handlers.o)
    0x080042bc   0x0000000e   Code   RO         4934    i.__scatterload_zeroinit  mc_w.l(handlers.o)
    0x080042ca   0x00000002   PAD
    0x080042cc   0x00000154   Code   RO         4677    i._printf_core      mc_w.l(printf1.o)
    0x08004420   0x00000018   Code   RO         3894    i.delay_ms          delay.o
    0x08004438   0x00000012   Code   RO         3895    i.delay_us          delay.o
    0x0800444a   0x00000002   PAD
    0x0800444c   0x00000018   Code   RO         3484    i.fputc             main.o
    0x08004464   0x00000158   Code   RO         3485    i.main              main.o
    0x080045bc   0x000000b8   Code   RO         4067    i.move_control      chassis_control.o
    0x08004674   0x00000010   Data   RO         1297    .constdata          stm32f4xx_hal_rcc.o
    0x08004684   0x00000008   Data   RO         1403    .constdata          stm32f4xx_hal_dma.o
    0x0800468c   0x00000020   Data   RO         4930    Region$$Table       anon$$obj.o


    Execution Region RW_IRAM1 (Base: 0x20000000, Size: 0x00000aa8, Max: 0x00030000, ABSOLUTE, COMPRESSED[0x00000028])

    Base Addr    Size         Type   Attr      Idx    E Section Name        Object

    0x20000000   0x00000004   Data   RW         1773    .data               stm32f4xx_hal.o
    0x20000004   0x00000004   Data   RW         3396    .data               can.o
    0x20000008   0x00000001   Data   RW         3486    .data               main.o
    0x20000009   0x00000003   PAD
    0x2000000c   0x00000004   Data   RW         3860    .data               system_stm32f4xx.o
    0x20000010   0x0000006c   Data   RW         4010    .data               pid_algorithm.o
    0x2000007c   0x00000054   Data   RW         4072    .data               chassis_control.o
    0x200000d0   0x00000015   Data   RW         4133    .data               test_imu.o
    0x200000e5   0x00000003   PAD
    0x200000e8   0x00000030   Data   RW         4217    .data               gimbal_control.o
    0x20000118   0x00000014   Data   RW         4260    .data               sdbus.o
    0x2000012c   0x00000010   Data   RW         4308    .data               shoot_control.o
    0x2000013c   0x00000001   Data   RW         4490    .data               test_can1.o
    0x2000013d   0x00000003   PAD
    0x20000140   0x00000004   Data   RW         4910    .data               mc_w.l(stdout.o)
    0x20000144   0x00000160   Zero   RW         3244    .bss                usart.o
    0x200002a4   0x00000058   Zero   RW         3304    .bss                spi.o
    0x200002fc   0x00000080   Zero   RW         3395    .bss                can.o
    0x2000037c   0x00000054   Zero   RW         3443    .bss                i2c.o
    0x200003d0   0x000001a4   Zero   RW         3613    .bss                tim.o
    0x20000574   0x00000016   Zero   RW         3963    .bss                dbus.o
    0x2000058a   0x00000028   Zero   RW         4131    .bss                test_imu.o
    0x200005b2   0x00000064   Zero   RW         4440    .bss                test_usart.o
    0x20000616   0x00000012   Zero   RW         4441    .bss                test_usart.o
    0x20000628   0x00000080   Zero   RW         4489    .bss                test_can1.o
    0x200006a8   0x00000400   Zero   RW            1    STACK               startup_stm32f427xx.o


==============================================================================

Image component sizes


      Code (inc. data)   RO Data    RW Data    ZI Data      Debug   Object Name

       384         44          0          4        128       2418   can.o
       692         10          0         84          0       3879   chassis_control.o
       126          0          0          0         22       3265   dbus.o
        42          0          0          0          0       1154   delay.o
        44          4          0          0          0        766   dma.o
       284         28          0         48          0       2095   gimbal_control.o
       340         24          0          0          0       1163   gpio.o
       140         28          0          0         84       1629   i2c.o
        84         34          0          0          0        533   initialization.o
       530         64          0          1          0       3440   main.o
       388         78          0        108          0       5229   pid_algorithm.o
        76         12          0         20          0       1412   sdbus.o
       220         40          0         16          0       1740   shoot_control.o
       148         22          0          0         88       1637   spi.o
        36          8        428          0       1024        844   startup_stm32f427xx.o
       120         22          0          4          0       3863   stm32f4xx_hal.o
      1770         30          0          0          0       7380   stm32f4xx_hal_can.o
       228         14          0          0          0      32197   stm32f4xx_hal_cortex.o
      1094         22          8          0          0       7434   stm32f4xx_hal_dma.o
         0          0          0          0          0     748376   stm32f4xx_hal_flash_ramfunc.o
       496         58          0          0          0       3752   stm32f4xx_hal_gpio.o
       264         10          0          0          0       2959   stm32f4xx_hal_i2c.o
        88          0          0          0          0        530   stm32f4xx_hal_msp.o
      1392         80         16          0          0       6003   stm32f4xx_hal_rcc.o
       782          0          0          0          0       4449   stm32f4xx_hal_spi.o
      1696         88          0          0          0      17064   stm32f4xx_hal_tim.o
       150          0          0          0          0       3226   stm32f4xx_hal_tim_ex.o
      2138         26          0          0          0      14561   stm32f4xx_hal_uart.o
       344         92          0          0          0      11226   stm32f4xx_it.o
        84         18          0          4          0       1407   system_stm32f4xx.o
       392         50          0          1        128       2922   test_can1.o
       116         22          0          0          0       1078   test_can2.o
       204         20          0         21         40       3676   test_imu.o
       100         12          0          0        118       1383   test_usart.o
      1404        128          0          0        420       7670   tim.o
       580         84          0          0        352       3760   usart.o

    ----------------------------------------------------------------------
     17008       1172        484        320       2404     916120   Object Totals
         0          0         32          0          0          0   (incl. Generated)
        32          0          0          9          0          0   (incl. Padding)

    ----------------------------------------------------------------------

      Code (inc. data)   RO Data    RW Data    ZI Data      Debug   Library Member Name

        58          0          0          0          0          0   __dczerorl.o
         0          0          0          0          0          0   entry.o
         0          0          0          0          0          0   entry10a.o
         0          0          0          0          0          0   entry11a.o
         8          4          0          0          0          0   entry2.o
         4          0          0          0          0          0   entry5.o
         0          0          0          0          0          0   entry7b.o
         0          0          0          0          0          0   entry8b.o
         8          4          0          0          0          0   entry9a.o
        30          0          0          0          0          0   handlers.o
        36          8          0          0          0         68   init.o
        36          0          0          0          0         68   memcpya.o
       372         14          0          0          0        184   printf1.o
         0          0          0          4          0          0   stdout.o
        44          0          0          0          0         80   uidiv.o

    ----------------------------------------------------------------------
       600         30          0          4          0        400   Library Totals
         4          0          0          0          0          0   (incl. Padding)

    ----------------------------------------------------------------------

      Code (inc. data)   RO Data    RW Data    ZI Data      Debug   Library Name

       596         30          0          4          0        400   mc_w.l

    ----------------------------------------------------------------------
       600         30          0          4          0        400   Library Totals

    ----------------------------------------------------------------------

==============================================================================


      Code (inc. data)   RO Data    RW Data    ZI Data      Debug   

     17608       1202        484        324       2404     901200   Grand Totals
     17608       1202        484         40       2404     901200   ELF Image Totals (compressed)
     17608       1202        484         40          0          0   ROM Totals

==============================================================================

    Total RO  Size (Code + RO Data)                18092 (  17.67kB)
    Total RW  Size (RW Data + ZI Data)              2728 (   2.66kB)
    Total ROM Size (Code + RO Data + RW Data)      18132 (  17.71kB)

==============================================================================

