<html>
<body>
<pre>
<h1>礦ision Build Log</h1>
<h2>Tool Versions:</h2>
IDE-Version: μVision V5.14.0.0
Copyright (C) 2015 ARM Ltd and ARM Germany GmbH. All rights reserved.
License Information: WANG MEIHUA, NANKEDA, LIC=8MZGK-Z86XF-BWP2G-VNVQQ-USX4M-XUY9V
 
Tool Versions:
Toolchain:       MDK-ARM Professional  Version: 5.14.0.0
Toolchain Path:  F:\MDK5.14\ARM\ARMCC\Bin
C Compiler:      Armcc.exe V5.05 update 1 (build 106)
Assembler:       Armasm.exe V5.05 update 1 (build 106)
Linker/Locator:  ArmLink.exe V5.05 update 1 (build 106)
Library Manager: ArmAr.exe V5.05 update 1 (build 106)
Hex Converter:   FromElf.exe V5.05 update 1 (build 106)
CPU DLL:         SARMCM3.DLL V5.14.0.0
Dialog DLL:      DCM.DLL V1.13.1.0
Target DLL:      STLink\ST-LINKIII-KEIL_SWO.dll V2.0.14.0_KEIL
Dialog DLL:      TCM.DLL V1.14.4.0
 
<h2>Project:</h2>
D:\b\b机器人社团\2017\Robomaster_2017LCY\MDK-ARM\chassis.uvprojx
Project File Date:  05/09/2017

<h2>Output:</h2>
Build target 'chassis'
compiling freertos.c...
compiling stm32f4xx_hal_msp.c...
compiling stm32f4xx_it.c...
compiling stm32f4xx_hal_timebase_TIM.c...
compiling can.c...
compiling dma.c...
compiling gpio.c...
compiling main.c...
compiling spi.c...
compiling usart.c...
compiling tim.c...
compiling chassis_task.c...
compiling gimbal_task.c...
compiling error_task.c...
compiling cpu_utils.c...
compiling system_stm32f4xx.c...
assembling startup_stm32f427xx.s...
compiling heap_4.c...
compiling cmsis_os.c...
compiling port.c...
compiling croutine.c...
compiling queue.c...
compiling tasks.c...
compiling timers.c...
compiling event_groups.c...
compiling list.c...
compiling stm32f4xx_hal_cortex.c...
compiling stm32f4xx_hal_uart.c...
compiling stm32f4xx_hal_flash.c...
compiling stm32f4xx_hal.c...
compiling stm32f4xx_hal_pwr_ex.c...
compiling stm32f4xx_hal_can.c...
compiling stm32f4xx_hal_rcc_ex.c...
compiling stm32f4xx_hal_tim_ex.c...
compiling stm32f4xx_hal_rcc.c...
compiling stm32f4xx_hal_gpio.c...
compiling stm32f4xx_hal_flash_ex.c...
compiling stm32f4xx_hal_dma_ex.c...
compiling stm32f4xx_hal_pwr.c...
compiling stm32f4xx_hal_dma.c...
compiling stm32f4xx_hal_tim.c...
compiling stm32f4xx_hal_flash_ramfunc.c...
compiling stm32f4xx_hal_spi.c...
compiling kb.c...
compiling bsp_can.c...
compiling bsp_flash.c...
compiling bsp_uart.c...
compiling led.c...
compiling pid.c...
compiling mpu.c...
compiling calibrate.c...
compiling judge_sys.c...
linking...
Program Size: Code=25860 RO-data=724 RW-data=300 ZI-data=21520  
FromELF: creating hex file...
After Build - User command #1: fromelf.exe --bin -o ./bin/infantry2.1.bin ./chassis/chassis.axf
"chassis\chassis.axf" - 0 Error(s), 0 Warning(s).

<h2>Software Packages used:</h2>

Package Vendor: ARM
                http://www.keil.com/pack/ARM.CMSIS.4.2.0.pack
                ARM::CMSIS:CORE:3.40.0
                CMSIS (Cortex Microcontroller Software Interface Standard)
   * Component: CORE Version: 3.40.0

<h2>Collection of Component include folders:</h2>
  D:\b\b机器人社团\2017\Robomaster_2017LCY\MDK-ARM\RTE
  F:\MDK5.14\ARM\PACK\ARM\CMSIS\4.2.0\CMSIS\Include
  F:\MDK5.14\ARM\PACK\Keil\STM32F4xx_DFP\2.11.0

<h2>Collection of Component Files used:</h2>

   * Component: ARM::CMSIS:CORE:3.40.0
      Source file:   CMSIS\UserCodeTemplates\ARM\ITM_Retarget.c
</pre>
</body>
</html>
