<html>
<body>
<pre>
<h1>µVision Build Log</h1>
<h2>Tool Versions:</h2>
IDE-Version: ¦ÌVision V5.24.2.0
Copyright (C) 2017 ARM Ltd and ARM Germany GmbH. All rights reserved.
License Information: r g, f, LIC=----
 
Tool Versions:
Toolchain:       MDK-Lite  Version: 5.24.1
Toolchain Path:  D:\Program Files\ARM\ARMCC\Bin
C Compiler:      Armcc.exe V5.06 update 5 (build 528)
Assembler:       Armasm.exe V5.06 update 5 (build 528)
Linker/Locator:  ArmLink.exe V5.06 update 5 (build 528)
Library Manager: ArmAr.exe V5.06 update 5 (build 528)
Hex Converter:   FromElf.exe V5.06 update 5 (build 528)
CPU DLL:         SARMCM3.DLL V5.24.1
Dialog DLL:      DCM.DLL V1.16.0.0
Target DLL:      STLink\ST-LINKIII-KEIL_SWO.dll V3.0.1.0
Dialog DLL:      TCM.DLL V1.32.0.0
 
<h2>Project:</h2>
C:\Users\g\Desktop\Electronic-Infantry\Artinx_Hal\MDK-ARM\artinx_new.uvprojx
Project File Date:  11/25/2017

<h2>Output:</h2>
*** Using Compiler 'V5.06 update 5 (build 528)', folder: 'D:\Program Files\ARM\ARMCC\Bin'
Build target 'artinx_new'
compiling stm32f4xx_hal_flash_ramfunc.c...
compiling stm32f4xx_hal_uart.c...
compiling stm32f4xx_hal_dma_ex.c...
compiling stm32f4xx_hal_can.c...
compiling stm32f4xx_hal_flash_ex.c...
compiling stm32f4xx_hal_spi.c...
compiling stm32f4xx_hal_tim_ex.c...
compiling stm32f4xx_hal_rcc_ex.c...
compiling stm32f4xx_hal_rcc.c...
compiling stm32f4xx_hal_dma.c...
compiling stm32f4xx_hal_pwr_ex.c...
compiling stm32f4xx_hal_gpio.c...
compiling stm32f4xx_hal_flash.c...
compiling stm32f4xx_hal.c...
compiling stm32f4xx_hal_pwr.c...
compiling stm32f4xx_hal_cortex.c...
compiling stm32f4xx_hal_tim.c...
compiling stm32f4xx_hal_i2c.c...
compiling stm32f4xx_hal_i2c_ex.c...
compiling gpio.c...
compiling usart.c...
compiling spi.c...
compiling dma.c...
compiling stm32f4xx_hal_msp.c...
compiling can.c...
compiling i2c.c...
compiling main.c...
compiling tim.c...
compiling stm32f4xx_it.c...
compiling system_stm32f4xx.c...
compiling delay.c...
compiling led.c...
compiling laser.c...
compiling dbus.c...
compiling pid_algorithm.c...
compiling chassis_control.c...
compiling test_imu.c...
compiling gimbal_control.c...
compiling sdbus.c...
compiling shoot_control.c...
compiling encoder.c...
compiling initialization.c...
compiling i2c_mpu6050.c...
compiling test_usart.c...
compiling test_can1.c...
compiling test_can2.c...
linking...
Program Size: Code=17964 RO-data=484 RW-data=324 ZI-data=2420  
FromELF: creating hex file...
"artinx_new\artinx_new.axf" - 0 Error(s), 0 Warning(s).

<h2>Software Packages used:</h2>

Package Vendor: ARM
                http://www.keil.com/pack/ARM.CMSIS.5.0.1.pack
                ARM.CMSIS.5.0.1
                CMSIS (Cortex Microcontroller Software Interface Standard)
   * Component: CORE Version: 5.0.1

Package Vendor: Keil
                http://www.keil.com/pack/Keil.STM32F4xx_DFP.2.11.0.pack
                Keil.STM32F4xx_DFP.2.11.0
                STMicroelectronics STM32F4 Series Device Support, Drivers and Examples

<h2>Collection of Component include folders:</h2>
  .\RTE\_artinx_new
  D:\Program Files\ARM\PACK\ARM\CMSIS\5.0.1\CMSIS\Include
  D:\Program Files\ARM\PACK\Keil\STM32F4xx_DFP\2.11.0\Drivers\CMSIS\Device\ST\STM32F4xx\Include

<h2>Collection of Component Files used:</h2>

   * Component: ARM::CMSIS:CORE:5.0.1
Build Time Elapsed:  00:03:24
</pre>
</body>
</html>
