<html>
<body>
<pre>
<h1>µVision Build Log</h1>
<h2>Tool Versions:</h2>
IDE-Version: ¦ÌVision V5.23.0.0
Copyright (C) 2017 ARM Ltd and ARM Germany GmbH. All rights reserved.
License Information: H hf, SUSTech, LIC=----
 
Tool Versions:
Toolchain:       MDK-Lite  Version: 5.23
Toolchain Path:  C:\Keil_v5\ARM\ARMCC\Bin
C Compiler:      Armcc.exe V5.06 update 4 (build 422)
Assembler:       Armasm.exe V5.06 update 4 (build 422)
Linker/Locator:  ArmLink.exe V5.06 update 4 (build 422)
Library Manager: ArmAr.exe V5.06 update 4 (build 422)
Hex Converter:   FromElf.exe V5.06 update 4 (build 422)
CPU DLL:         SARMCM3.DLL V5.23
Dialog DLL:      DCM.DLL V1.15.0.0
Target DLL:      STLink\ST-LINKIII-KEIL_SWO.dll V2.0.18.0
Dialog DLL:      TCM.DLL V1.27.0.0
 
<h2>Project:</h2>
C:\Users\hf\Documents\ArtinxRM\Robomaster_2017\MDK-ARM\chassis.uvprojx
Project File Date:  06/23/2017

<h2>Output:</h2>
*** Using Compiler 'V5.06 update 4 (build 422)', folder: 'C:\Keil_v5\ARM\ARMCC\Bin'
Build target 'chassis'
compiling stm32f4xx_hal_msp.c...
compiling stm32f4xx_it.c...
compiling freertos.c...
compiling dma.c...
compiling stm32f4xx_hal_timebase_TIM.c...
compiling can.c...
compiling spi.c...
compiling gpio.c...
compiling main.c...
compiling usart.c...
compiling tim.c...
compiling chassis_task.c...
compiling error_task.c...
compiling cpu_utils.c...
compiling gimbal_task.c...
assembling startup_stm32f427xx.s...
compiling heap_4.c...
compiling port.c...
compiling cmsis_os.c...
compiling croutine.c...
compiling queue.c...
compiling timers.c...
compiling tasks.c...
compiling system_stm32f4xx.c...
compiling event_groups.c...
compiling list.c...
compiling stm32f4xx_hal_flash.c...
compiling stm32f4xx_hal_cortex.c...
compiling stm32f4xx_hal_uart.c...
compiling stm32f4xx_hal.c...
compiling stm32f4xx_hal_pwr_ex.c...
compiling stm32f4xx_hal_can.c...
compiling stm32f4xx_hal_rcc_ex.c...
compiling stm32f4xx_hal_tim_ex.c...
compiling stm32f4xx_hal_rcc.c...
compiling stm32f4xx_hal_gpio.c...
compiling stm32f4xx_hal_flash_ex.c...
compiling stm32f4xx_hal_dma_ex.c...
compiling stm32f4xx_hal_pwr.c...
compiling stm32f4xx_hal_dma.c...
compiling stm32f4xx_hal_tim.c...
compiling stm32f4xx_hal_flash_ramfunc.c...
compiling stm32f4xx_hal_spi.c...
compiling kb.c...
compiling bsp_can.c...
compiling bsp_flash.c...
compiling bsp_uart.c...
compiling led.c...
compiling pid.c...
compiling mpu.c...
compiling calibrate.c...
compiling judge_sys.c...
linking...
Program Size: Code=25868 RO-data=724 RW-data=300 ZI-data=21520  
FromELF: creating hex file...
After Build - User command #1: fromelf.exe --bin -o ./bin/infantry2.1.bin ./chassis/chassis.axf
"chassis\chassis.axf" - 0 Error(s), 0 Warning(s).

<h2>Software Packages used:</h2>

Package Vendor: ARM
                http://www.keil.com/pack/ARM.CMSIS.5.0.1.pack
                ARM::CMSIS:CORE:5.0.1
                CMSIS (Cortex Microcontroller Software Interface Standard)
   * Component: CORE Version: 5.0.1

<h2>Collection of Component include folders:</h2>
  .\RTE\_chassis
  C:\Keil_v5\ARM\PACK\ARM\CMSIS\5.0.1\CMSIS\Include
  C:\Keil_v5\ARM\PACK\Keil\STM32F4xx_DFP\2.11.0\Drivers\CMSIS\Device\ST\STM32F4xx\Include

<h2>Collection of Component Files used:</h2>

   * Component: ARM::CMSIS:CORE:5.0.1
Build Time Elapsed:  00:00:37
</pre>
</body>
</html>
